[2025-09-10 16:58:40] 🟢 Tray reparado y log inicial creado
[2025-09-10 16:58:49] ✅ Tray iniciado
[2025-09-10 16:58:49] ❌ Error en watchdog: (pid=236)
[2025-09-10 16:58:59] ❌ Error en watchdog: (pid=236)
[2025-09-10 16:59:09] ❌ Error en watchdog: (pid=236)
[2025-09-10 16:59:19] ❌ Error en watchdog: (pid=236)
[2025-09-10 16:59:29] ❌ Error en watchdog: (pid=236)
[2025-09-10 16:59:39] ❌ Error en watchdog: (pid=236)
[2025-09-10 16:59:49] ❌ Error en watchdog: (pid=236)
[2025-09-10 16:59:59] ❌ Error en watchdog: (pid=236)
[2025-09-10 17:00:09] ❌ Error en watchdog: (pid=236)
[2025-09-10 17:00:19] ❌ Error en watchdog: (pid=236)
[2025-09-10 17:00:29] ❌ Error en watchdog: (pid=236)
[2025-09-10 17:00:39] ❌ Error en watchdog: (pid=236)
[2025-09-10 17:00:49] ❌ Error en watchdog: (pid=236)
[2025-09-10 17:00:59] ❌ Error en watchdog: (pid=236)
[2025-09-10 17:01:09] ❌ Error en watchdog: (pid=236)
[2025-09-10 17:01:19] ❌ Error en watchdog: (pid=236)
[2025-09-10 17:01:29] ❌ Error en watchdog: (pid=236)
[2025-09-10 17:01:39] ❌ Error en watchdog: (pid=236)
[2025-09-10 17:01:49] ❌ Error en watchdog: (pid=236)
[2025-09-10 17:01:59] ❌ Error en watchdog: (pid=236)
[2025-09-10 17:02:09] ❌ Error en watchdog: (pid=236)
[2025-09-10 17:02:19] ❌ Error en watchdog: (pid=236)
[2025-09-10 17:02:19] ✅ Tray iniciado
[2025-09-10 17:02:19] ❌ Error en watchdog: (pid=236)
[2025-09-10 17:02:29] ❌ Error en watchdog: (pid=236)
[2025-09-10 17:02:29] ❌ Error en watchdog: (pid=236)
[2025-09-10 17:02:39] ❌ Error en watchdog: (pid=236)
[2025-09-10 17:02:39] ❌ Error en watchdog: (pid=236)
[2025-09-10 17:02:49] ❌ Error en watchdog: (pid=236)
[2025-09-10 17:02:49] ❌ Error en watchdog: (pid=236)
[2025-09-10 17:02:59] ❌ Error en watchdog: (pid=236)
[2025-09-10 17:02:59] ✅ Tray iniciado
[2025-09-10 17:02:59] ❌ Error en watchdog: (pid=236)
[2025-09-10 17:03:09] ❌ Error en watchdog: (pid=236)
[2025-09-10 17:03:09] ❌ Error en watchdog: (pid=236)
[2025-09-10 17:03:19] ❌ Error en watchdog: (pid=236)
[2025-09-10 17:03:19] ❌ Error en watchdog: (pid=236)
[2025-09-10 17:03:29] ❌ Error en watchdog: (pid=236)
[2025-09-10 17:03:29] ❌ Error en watchdog: (pid=236)
[2025-09-10 17:03:39] ❌ Error en watchdog: (pid=236)
[2025-09-10 17:03:39] ❌ Error en watchdog: (pid=236)
[2025-09-10 17:03:49] ❌ Error en watchdog: (pid=236)
[2025-09-10 17:03:49] ❌ Error en watchdog: (pid=236)
[2025-09-10 17:03:59] ❌ Error en watchdog: (pid=236)
[2025-09-10 17:03:59] ❌ Error en watchdog: (pid=236)
[2025-09-10 17:04:09] ❌ Error en watchdog: (pid=236)
[2025-09-10 17:04:09] ❌ Error en watchdog: (pid=236)
[2025-09-10 17:04:19] ❌ Error en watchdog: (pid=236)
[2025-09-10 17:04:19] ❌ Error en watchdog: (pid=236)
[2025-09-10 17:04:29] ❌ Error en watchdog: (pid=236)
[2025-09-10 17:04:29] ❌ Error en watchdog: (pid=236)
[2025-09-10 17:04:39] ❌ Error en watchdog: (pid=236)
[2025-09-10 17:04:39] ❌ Error en watchdog: (pid=236)
[2025-09-10 17:04:49] ❌ Error en watchdog: (pid=236)
[2025-09-10 17:04:49] ❌ Error en watchdog: (pid=236)
[2025-09-10 17:04:59] ❌ Error en watchdog: (pid=236)
[2025-09-10 17:04:59] ❌ Error en watchdog: (pid=236)
[2025-09-10 17:05:09] ❌ Error en watchdog: (pid=236)
[2025-09-10 17:05:09] ❌ Error en watchdog: (pid=236)
[2025-09-10 17:05:19] ❌ Error en watchdog: (pid=236)
[2025-09-10 17:05:19] ❌ Error en watchdog: (pid=236)
[2025-09-10 17:05:29] ❌ Error en watchdog: (pid=236)
[2025-09-10 17:05:29] ❌ Error en watchdog: (pid=236)
[2025-09-10 17:05:39] ❌ Error en watchdog: (pid=236)
[2025-09-10 17:05:39] ❌ Error en watchdog: (pid=236)
[2025-09-10 17:05:49] ✅ Tray iniciado
[2025-09-10 17:05:49] ❌ Error en watchdog: (pid=236)
[2025-09-10 17:05:49] ❌ Error en watchdog: (pid=236)
[2025-09-10 17:05:49] ❌ Error en watchdog: (pid=236)
[2025-09-10 17:05:59] ❌ Error en watchdog: (pid=236)
[2025-09-10 17:05:59] ❌ Error en watchdog: (pid=236)
[2025-09-10 17:05:59] ❌ Error en watchdog: (pid=236)
[2025-09-10 17:06:09] ❌ Error en watchdog: (pid=236)
[2025-09-10 17:06:09] ❌ Error en watchdog: (pid=236)
[2025-09-10 17:06:09] ❌ Error en watchdog: (pid=236)
[2025-09-10 17:06:19] ❌ Error en watchdog: (pid=236)
[2025-09-10 17:06:19] ❌ Error en watchdog: (pid=236)
[2025-09-10 17:06:19] ❌ Error en watchdog: (pid=236)
[2025-09-10 17:06:29] ❌ Error en watchdog: (pid=236)
[2025-09-10 17:06:29] ❌ Error en watchdog: (pid=236)
[2025-09-10 17:06:29] ❌ Error en watchdog: (pid=236)
[2025-09-10 17:06:39] ❌ Error en watchdog: (pid=236)
[2025-09-10 17:06:39] ❌ Error en watchdog: (pid=236)
[2025-09-10 17:06:39] ❌ Error en watchdog: (pid=236)
[2025-09-10 17:06:49] ❌ Error en watchdog: (pid=236)
[2025-09-10 17:06:49] ❌ Error en watchdog: (pid=236)
[2025-09-10 17:06:49] ❌ Error en watchdog: (pid=236)
[2025-09-10 17:06:59] ❌ Error en watchdog: (pid=236)
[2025-09-10 17:06:59] ❌ Error en watchdog: (pid=236)
[2025-09-10 17:06:59] ❌ Error en watchdog: (pid=236)
[2025-09-10 17:07:09] ❌ Error en watchdog: (pid=236)
[2025-09-10 17:07:09] ❌ Error en watchdog: (pid=236)
[2025-09-10 17:07:09] ❌ Error en watchdog: (pid=236)
[2025-09-10 17:07:19] ❌ Error en watchdog: (pid=236)
[2025-09-10 17:07:19] ❌ Error en watchdog: (pid=236)
[2025-09-10 17:07:19] ❌ Error en watchdog: (pid=236)
[2025-09-10 17:07:29] ❌ Error en watchdog: (pid=236)
[2025-09-10 17:07:29] ❌ Error en watchdog: (pid=236)
[2025-09-10 17:07:29] ❌ Error en watchdog: (pid=236)
[2025-09-10 17:07:39] ❌ Error en watchdog: (pid=236)
[2025-09-10 17:07:39] ❌ Error en watchdog: (pid=236)
[2025-09-10 17:07:39] ❌ Error en watchdog: (pid=236)
[2025-09-10 17:07:49] ❌ Error en watchdog: (pid=236)
[2025-09-10 17:07:49] ❌ Error en watchdog: (pid=236)
[2025-09-10 17:07:49] ❌ Error en watchdog: (pid=236)
[2025-09-10 17:07:59] ❌ Error en watchdog: (pid=236)
[2025-09-10 17:07:59] ❌ Error en watchdog: (pid=236)
[2025-09-10 17:07:59] ❌ Error en watchdog: (pid=236)
[2025-09-10 17:08:09] ❌ Error en watchdog: (pid=236)
[2025-09-10 17:08:09] ❌ Error en watchdog: (pid=236)
[2025-09-10 17:08:09] ❌ Error en watchdog: (pid=236)
[2025-09-10 17:08:19] ❌ Error en watchdog: (pid=236)
[2025-09-10 17:08:19] ❌ Error en watchdog: (pid=236)
[2025-09-10 17:08:19] ❌ Error en watchdog: (pid=236)
[2025-09-10 17:08:29] ❌ Error en watchdog: (pid=236)
[2025-09-10 17:08:29] ❌ Error en watchdog: (pid=236)
[2025-09-10 17:08:29] ❌ Error en watchdog: (pid=236)
[2025-09-10 17:08:39] ❌ Error en watchdog: (pid=236)
[2025-09-10 17:08:39] ❌ Error en watchdog: (pid=236)
[2025-09-10 17:08:39] ❌ Error en watchdog: (pid=236)
[2025-09-10 17:08:49] ❌ Error en watchdog: (pid=236)
[2025-09-10 17:08:49] ❌ Error en watchdog: (pid=236)
[2025-09-10 17:08:49] ❌ Error en watchdog: (pid=236)
[2025-09-10 17:08:59] ❌ Error en watchdog: (pid=236)
[2025-09-10 17:08:59] ❌ Error en watchdog: (pid=236)
[2025-09-10 17:08:59] ❌ Error en watchdog: (pid=236)
[2025-09-10 17:09:09] ❌ Error en watchdog: (pid=236)
[2025-09-10 17:09:09] ❌ Error en watchdog: (pid=236)
[2025-09-10 17:09:09] ❌ Error en watchdog: (pid=236)
[2025-09-10 17:09:19] ❌ Error en watchdog: (pid=236)
[2025-09-10 17:09:19] ❌ Error en watchdog: (pid=236)
[2025-09-10 17:09:19] ❌ Error en watchdog: (pid=236)
[2025-09-10 17:09:29] ❌ Error en watchdog: (pid=236)
[2025-09-10 17:09:29] ❌ Error en watchdog: (pid=236)
[2025-09-10 17:09:29] ❌ Error en watchdog: (pid=236)
[2025-09-10 17:09:39] ❌ Error en watchdog: (pid=236)
[2025-09-10 17:09:39] ❌ Error en watchdog: (pid=236)
[2025-09-10 17:09:39] ❌ Error en watchdog: (pid=236)
[2025-09-10 17:09:49] ❌ Error en watchdog: (pid=236)
[2025-09-10 17:09:49] ❌ Error en watchdog: (pid=236)
[2025-09-10 17:09:49] ❌ Error en watchdog: (pid=236)
[2025-09-10 17:09:59] ❌ Error en watchdog: (pid=236)
[2025-09-10 17:09:59] ❌ Error en watchdog: (pid=236)
[2025-09-10 17:09:59] ❌ Error en watchdog: (pid=236)
[2025-09-10 17:10:09] ❌ Error en watchdog: (pid=236)
[2025-09-10 17:10:09] ❌ Error en watchdog: (pid=236)
[2025-09-10 17:10:09] ❌ Error en watchdog: (pid=236)
[2025-09-10 17:10:19] ❌ Error en watchdog: (pid=236)
[2025-09-10 17:10:19] ❌ Error en watchdog: (pid=236)
[2025-09-10 17:10:19] ❌ Error en watchdog: (pid=236)
[2025-09-10 17:10:29] ❌ Error en watchdog: (pid=236)
[2025-09-10 17:10:29] ❌ Error en watchdog: (pid=236)
[2025-09-10 17:10:29] ❌ Error en watchdog: (pid=236)
[2025-09-10 17:10:39] ❌ Error en watchdog: (pid=236)
[2025-09-10 17:10:39] ❌ Error en watchdog: (pid=236)
[2025-09-10 17:10:39] ❌ Error en watchdog: (pid=236)
[2025-09-10 17:10:49] ❌ Error en watchdog: (pid=236)
[2025-09-10 17:10:49] ❌ Error en watchdog: (pid=236)
[2025-09-10 17:10:49] ❌ Error en watchdog: (pid=236)
[2025-09-10 17:10:54] ✅ Tray iniciado
[2025-09-10 17:10:54] ❌ Error en watchdog: (pid=236)
[2025-09-10 17:10:59] ❌ Error en watchdog: (pid=236)
[2025-09-10 17:10:59] ❌ Error en watchdog: (pid=236)
[2025-09-10 17:10:59] ❌ Error en watchdog: (pid=236)
[2025-09-10 17:11:04] ❌ Error en watchdog: (pid=236)
[2025-09-10 17:11:09] ❌ Error en watchdog: (pid=236)
[2025-09-10 17:11:09] ❌ Error en watchdog: (pid=236)
[2025-09-10 17:11:09] ❌ Error en watchdog: (pid=236)
[2025-09-10 17:11:14] ❌ Error en watchdog: (pid=236)
[2025-09-10 17:11:19] ❌ Error en watchdog: (pid=236)
[2025-09-10 17:11:19] ❌ Error en watchdog: (pid=236)
[2025-09-10 17:11:19] ❌ Error en watchdog: (pid=236)
[2025-09-10 17:11:24] ❌ Error en watchdog: (pid=236)
[2025-09-10 17:11:29] ❌ Error en watchdog: (pid=236)
[2025-09-10 17:11:29] ❌ Error en watchdog: (pid=236)
[2025-09-10 17:11:29] ❌ Error en watchdog: (pid=236)
[2025-09-10 17:11:34] ❌ Error en watchdog: (pid=236)
[2025-09-10 17:11:39] ❌ Error en watchdog: (pid=236)
[2025-09-10 17:11:39] ❌ Error en watchdog: (pid=236)
[2025-09-10 17:11:39] ❌ Error en watchdog: (pid=236)
[2025-09-10 17:11:44] ❌ Error en watchdog: (pid=236)
[2025-09-10 17:11:49] ❌ Error en watchdog: (pid=236)
[2025-09-10 17:11:49] ❌ Error en watchdog: (pid=236)
[2025-09-10 17:11:49] ❌ Error en watchdog: (pid=236)
[2025-09-10 17:11:54] ❌ Error en watchdog: (pid=236)
[2025-09-10 17:11:59] ❌ Error en watchdog: (pid=236)
[2025-09-10 17:11:59] ❌ Error en watchdog: (pid=236)
[2025-09-10 17:11:59] ❌ Error en watchdog: (pid=236)
[2025-09-10 17:12:04] ❌ Error en watchdog: (pid=236)
[2025-09-10 17:12:09] ❌ Error en watchdog: (pid=236)
[2025-09-10 17:12:09] ❌ Error en watchdog: (pid=236)
[2025-09-10 17:12:09] ❌ Error en watchdog: (pid=236)
[2025-09-10 17:12:14] ❌ Error en watchdog: (pid=236)
[2025-09-10 17:12:19] ❌ Error en watchdog: (pid=236)
[2025-09-10 17:12:19] ❌ Error en watchdog: (pid=236)
[2025-09-10 17:12:19] ❌ Error en watchdog: (pid=236)
[2025-09-10 17:12:24] ❌ Error en watchdog: (pid=236)
[2025-09-10 17:12:29] ❌ Error en watchdog: (pid=236)
[2025-09-10 17:12:29] ❌ Error en watchdog: (pid=236)
[2025-09-10 17:12:29] ❌ Error en watchdog: (pid=236)
[2025-09-10 17:12:34] ❌ Error en watchdog: (pid=236)
[2025-09-10 17:12:39] ❌ Error en watchdog: (pid=236)
[2025-09-10 17:12:39] ❌ Error en watchdog: (pid=236)
[2025-09-10 17:12:39] ❌ Error en watchdog: (pid=236)
[2025-09-10 17:12:44] ❌ Error en watchdog: (pid=236)
[2025-09-10 17:12:49] ❌ Error en watchdog: (pid=236)
[2025-09-10 17:12:49] ❌ Error en watchdog: (pid=236)
[2025-09-10 17:12:49] ❌ Error en watchdog: (pid=236)
[2025-09-10 17:12:54] ❌ Error en watchdog: (pid=236)
[2025-09-10 17:12:59] ❌ Error en watchdog: (pid=236)
[2025-09-10 17:12:59] ❌ Error en watchdog: (pid=236)
[2025-09-10 17:12:59] ❌ Error en watchdog: (pid=236)
[2025-09-10 17:13:04] ❌ Error en watchdog: (pid=236)
[2025-09-10 17:13:09] ❌ Error en watchdog: (pid=236)
[2025-09-10 17:13:09] ❌ Error en watchdog: (pid=236)
[2025-09-10 17:13:09] ❌ Error en watchdog: (pid=236)
[2025-09-10 17:13:14] ❌ Error en watchdog: (pid=236)
[2025-09-10 17:13:19] ❌ Error en watchdog: (pid=236)
[2025-09-10 17:13:19] ❌ Error en watchdog: (pid=236)
[2025-09-10 17:13:19] ❌ Error en watchdog: (pid=236)
[2025-09-10 17:13:24] ❌ Error en watchdog: (pid=236)
[2025-09-10 17:13:29] ❌ Error en watchdog: (pid=236)
[2025-09-10 17:13:29] ❌ Error en watchdog: (pid=236)
[2025-09-10 17:13:29] ❌ Error en watchdog: (pid=236)
[2025-09-10 17:13:34] ❌ Error en watchdog: (pid=236)
[2025-09-10 17:13:39] ❌ Error en watchdog: (pid=236)
[2025-09-10 17:13:39] ❌ Error en watchdog: (pid=236)
[2025-09-10 17:13:39] ❌ Error en watchdog: (pid=236)
[2025-09-10 17:13:44] ❌ Error en watchdog: (pid=236)
[2025-09-10 17:13:49] ❌ Error en watchdog: (pid=236)
[2025-09-10 17:13:49] ❌ Error en watchdog: (pid=236)
[2025-09-10 17:13:49] ❌ Error en watchdog: (pid=236)
[2025-09-10 17:13:54] ❌ Error en watchdog: (pid=236)
[2025-09-10 17:13:59] ❌ Error en watchdog: (pid=236)
[2025-09-10 17:13:59] ❌ Error en watchdog: (pid=236)
[2025-09-10 17:13:59] ❌ Error en watchdog: (pid=236)
[2025-09-10 17:14:04] ❌ Error en watchdog: (pid=236)
[2025-09-10 17:14:09] ❌ Error en watchdog: (pid=236)
[2025-09-10 17:14:09] ❌ Error en watchdog: (pid=236)
[2025-09-10 17:14:09] ❌ Error en watchdog: (pid=236)
[2025-09-10 17:14:14] ❌ Error en watchdog: (pid=236)
[2025-09-10 17:14:19] ❌ Error en watchdog: (pid=236)
[2025-09-10 17:14:19] ❌ Error en watchdog: (pid=236)
[2025-09-10 17:14:19] ❌ Error en watchdog: (pid=236)
[2025-09-10 17:14:24] ❌ Error en watchdog: (pid=236)
[2025-09-10 17:14:29] ❌ Error en watchdog: (pid=236)
[2025-09-10 17:14:29] ❌ Error en watchdog: (pid=236)
[2025-09-10 17:14:29] ❌ Error en watchdog: (pid=236)
[2025-09-10 17:14:34] ❌ Error en watchdog: (pid=236)
[2025-09-10 17:14:39] ❌ Error en watchdog: (pid=236)
[2025-09-10 17:14:39] ❌ Error en watchdog: (pid=236)
[2025-09-10 17:14:39] ❌ Error en watchdog: (pid=236)
[2025-09-10 17:14:44] ❌ Error en watchdog: (pid=236)
[2025-09-10 17:14:49] ❌ Error en watchdog: (pid=236)
[2025-09-10 17:14:49] ❌ Error en watchdog: (pid=236)
[2025-09-10 17:14:49] ❌ Error en watchdog: (pid=236)
[2025-09-10 17:14:54] ❌ Error en watchdog: (pid=236)
[2025-09-10 17:14:59] ❌ Error en watchdog: (pid=236)
[2025-09-10 17:14:59] ❌ Error en watchdog: (pid=236)
[2025-09-10 17:14:59] ❌ Error en watchdog: (pid=236)
[2025-09-10 17:15:04] ❌ Error en watchdog: (pid=236)
[2025-09-10 17:15:09] ❌ Error en watchdog: (pid=236)
[2025-09-10 17:15:09] ❌ Error en watchdog: (pid=236)
[2025-09-10 17:15:09] ❌ Error en watchdog: (pid=236)
[2025-09-10 17:15:14] ❌ Error en watchdog: (pid=236)
[2025-09-10 17:15:19] ❌ Error en watchdog: (pid=236)
[2025-09-10 17:15:19] ❌ Error en watchdog: (pid=236)
[2025-09-10 17:15:19] ❌ Error en watchdog: (pid=236)
[2025-09-10 17:15:24] ❌ Error en watchdog: (pid=236)
[2025-09-10 17:15:29] ❌ Error en watchdog: (pid=236)
[2025-09-10 17:15:29] ❌ Error en watchdog: (pid=236)
[2025-09-10 17:15:29] ❌ Error en watchdog: (pid=236)
[2025-09-10 17:15:34] ❌ Error en watchdog: (pid=236)
[2025-09-10 17:15:39] ❌ Error en watchdog: (pid=236)
[2025-09-10 17:15:39] ❌ Error en watchdog: (pid=236)
[2025-09-10 17:15:39] ❌ Error en watchdog: (pid=236)
[2025-09-10 17:15:44] ❌ Error en watchdog: (pid=236)
[2025-09-10 17:15:49] ❌ Error en watchdog: (pid=236)
[2025-09-10 17:15:49] ❌ Error en watchdog: (pid=236)
[2025-09-10 17:15:49] ❌ Error en watchdog: (pid=236)
[2025-09-10 17:15:54] ❌ Error en watchdog: (pid=236)
[2025-09-10 17:15:59] ❌ Error en watchdog: (pid=236)
[2025-09-10 17:15:59] ❌ Error en watchdog: (pid=236)
[2025-09-10 17:15:59] ❌ Error en watchdog: (pid=236)
[2025-09-10 17:16:04] ❌ Error en watchdog: (pid=236)
[2025-09-10 17:16:09] ❌ Error en watchdog: (pid=236)
[2025-09-10 17:16:09] ❌ Error en watchdog: (pid=236)
[2025-09-10 17:16:09] ❌ Error en watchdog: (pid=236)
[2025-09-10 17:16:14] ❌ Error en watchdog: (pid=236)
[2025-09-10 17:16:19] ❌ Error en watchdog: (pid=236)
[2025-09-10 17:16:19] ❌ Error en watchdog: (pid=236)
[2025-09-10 17:16:20] ❌ Error en watchdog: (pid=236)
[2025-09-10 17:16:24] ❌ Error en watchdog: (pid=236)
[2025-09-10 17:16:29] ❌ Error en watchdog: (pid=236)
[2025-09-10 17:16:29] ❌ Error en watchdog: (pid=236)
[2025-09-10 17:16:30] ❌ Error en watchdog: (pid=236)
[2025-09-10 17:16:34] ❌ Error en watchdog: (pid=236)
[2025-09-10 17:16:39] ❌ Error en watchdog: (pid=236)
[2025-09-10 17:16:39] ❌ Error en watchdog: (pid=236)
[2025-09-10 17:16:40] ❌ Error en watchdog: (pid=236)
[2025-09-10 17:16:44] ❌ Error en watchdog: (pid=236)
[2025-09-10 17:16:49] ❌ Error en watchdog: (pid=236)
[2025-09-10 17:16:49] ❌ Error en watchdog: (pid=236)
[2025-09-10 17:16:50] ❌ Error en watchdog: (pid=236)
[2025-09-10 17:16:54] ❌ Error en watchdog: (pid=236)
[2025-09-10 17:16:59] ❌ Error en watchdog: (pid=236)
[2025-09-10 17:16:59] ❌ Error en watchdog: (pid=236)
[2025-09-10 17:17:00] ❌ Error en watchdog: (pid=236)
[2025-09-10 17:17:04] ❌ Error en watchdog: (pid=236)
[2025-09-10 17:17:09] ❌ Error en watchdog: (pid=236)
[2025-09-10 17:17:09] ❌ Error en watchdog: (pid=236)
[2025-09-10 17:17:10] ❌ Error en watchdog: (pid=236)
[2025-09-10 17:17:14] ❌ Error en watchdog: (pid=236)
[2025-09-10 17:17:19] ❌ Error en watchdog: (pid=236)
[2025-09-10 17:17:19] ❌ Error en watchdog: (pid=236)
[2025-09-10 17:17:20] ❌ Error en watchdog: (pid=236)
[2025-09-10 17:17:24] ❌ Error en watchdog: (pid=236)
[2025-09-10 17:17:29] ❌ Error en watchdog: (pid=236)
[2025-09-10 17:17:29] ❌ Error en watchdog: (pid=236)
[2025-09-10 17:17:30] ❌ Error en watchdog: (pid=236)
[2025-09-10 17:17:34] ❌ Error en watchdog: (pid=236)
[2025-09-10 17:17:39] ❌ Error en watchdog: (pid=236)
[2025-09-10 17:17:39] ❌ Error en watchdog: (pid=236)
[2025-09-10 17:17:40] ❌ Error en watchdog: (pid=236)
[2025-09-10 17:17:44] ❌ Error en watchdog: (pid=236)
[2025-09-10 17:17:49] ❌ Error en watchdog: (pid=236)
[2025-09-10 17:17:49] ❌ Error en watchdog: (pid=236)
[2025-09-10 17:17:50] ❌ Error en watchdog: (pid=236)
[2025-09-10 17:17:54] ❌ Error en watchdog: (pid=236)
[2025-09-10 17:17:59] ❌ Error en watchdog: (pid=236)
[2025-09-10 17:17:59] ❌ Error en watchdog: (pid=236)
[2025-09-10 17:18:00] ❌ Error en watchdog: (pid=236)
[2025-09-10 17:18:04] ❌ Error en watchdog: (pid=236)
[2025-09-10 17:18:09] ❌ Error en watchdog: (pid=236)
[2025-09-10 17:18:09] ❌ Error en watchdog: (pid=236)
[2025-09-10 17:18:10] ❌ Error en watchdog: (pid=236)
[2025-09-10 17:18:14] ❌ Error en watchdog: (pid=236)
[2025-09-10 17:18:19] ❌ Error en watchdog: (pid=236)
[2025-09-10 17:18:20] ❌ Error en watchdog: (pid=236)
[2025-09-10 17:18:20] ❌ Error en watchdog: (pid=236)
[2025-09-10 17:18:24] ❌ Error en watchdog: (pid=236)
[2025-09-10 17:18:29] ❌ Error en watchdog: (pid=236)
[2025-09-10 17:18:30] ❌ Error en watchdog: (pid=236)
[2025-09-10 17:18:30] ❌ Error en watchdog: (pid=236)
[2025-09-10 17:18:34] ❌ Error en watchdog: (pid=236)
[2025-09-10 17:18:39] ❌ Error en watchdog: (pid=236)
[2025-09-10 17:18:40] ❌ Error en watchdog: (pid=236)
[2025-09-10 17:18:40] ❌ Error en watchdog: (pid=236)
[2025-09-10 17:18:44] ❌ Error en watchdog: (pid=236)
[2025-09-10 17:18:49] ❌ Error en watchdog: (pid=236)
[2025-09-10 17:18:50] ❌ Error en watchdog: (pid=236)
[2025-09-10 17:18:50] ❌ Error en watchdog: (pid=236)
[2025-09-10 17:18:54] ❌ Error en watchdog: (pid=236)
[2025-09-10 17:18:59] ❌ Error en watchdog: (pid=236)
[2025-09-10 17:19:00] ❌ Error en watchdog: (pid=236)
[2025-09-10 17:19:00] ❌ Error en watchdog: (pid=236)
[2025-09-10 17:19:04] ❌ Error en watchdog: (pid=236)
[2025-09-10 17:19:09] ❌ Error en watchdog: (pid=236)
[2025-09-10 17:19:10] ❌ Error en watchdog: (pid=236)
[2025-09-10 17:19:10] ❌ Error en watchdog: (pid=236)
[2025-09-10 17:19:14] ❌ Error en watchdog: (pid=236)
[2025-09-10 17:19:19] ❌ Error en watchdog: (pid=236)
[2025-09-10 17:19:20] ❌ Error en watchdog: (pid=236)
[2025-09-10 17:19:20] ❌ Error en watchdog: (pid=236)
[2025-09-10 17:19:24] ❌ Error en watchdog: (pid=236)
[2025-09-10 17:19:29] ❌ Error en watchdog: (pid=236)
[2025-09-10 17:19:30] ❌ Error en watchdog: (pid=236)
[2025-09-10 17:19:30] ❌ Error en watchdog: (pid=236)
[2025-09-10 17:19:34] ❌ Error en watchdog: (pid=236)
[2025-09-10 17:19:39] ❌ Error en watchdog: (pid=236)
[2025-09-10 17:19:40] ❌ Error en watchdog: (pid=236)
[2025-09-10 17:19:40] ❌ Error en watchdog: (pid=236)
[2025-09-10 17:19:44] ❌ Error en watchdog: (pid=236)
[2025-09-10 17:19:49] ❌ Error en watchdog: (pid=236)
[2025-09-10 17:19:50] ❌ Error en watchdog: (pid=236)
[2025-09-10 17:19:50] ❌ Error en watchdog: (pid=236)
[2025-09-10 17:19:54] ❌ Error en watchdog: (pid=236)
[2025-09-10 17:19:59] ❌ Error en watchdog: (pid=236)
[2025-09-10 17:20:00] ❌ Error en watchdog: (pid=236)
[2025-09-10 17:20:00] ❌ Error en watchdog: (pid=236)
[2025-09-10 17:20:04] ❌ Error en watchdog: (pid=236)
[2025-09-10 17:20:09] ❌ Error en watchdog: (pid=236)
[2025-09-10 17:20:10] ❌ Error en watchdog: (pid=236)
[2025-09-10 17:20:10] ❌ Error en watchdog: (pid=236)
[2025-09-10 17:20:14] ❌ Error en watchdog: (pid=236)
[2025-09-10 17:20:19] ❌ Error en watchdog: (pid=236)
[2025-09-10 17:20:20] ❌ Error en watchdog: (pid=236)
[2025-09-10 17:20:20] ❌ Error en watchdog: (pid=236)
[2025-09-10 17:20:24] ❌ Error en watchdog: (pid=236)
[2025-09-10 17:20:29] ❌ Error en watchdog: (pid=236)
[2025-09-10 17:20:30] ❌ Error en watchdog: (pid=236)
[2025-09-10 17:20:30] ❌ Error en watchdog: (pid=236)
[2025-09-10 17:20:34] ❌ Error en watchdog: (pid=236)
[2025-09-10 17:20:39] ❌ Error en watchdog: (pid=236)
[2025-09-10 17:20:40] ❌ Error en watchdog: (pid=236)
[2025-09-10 17:20:40] ❌ Error en watchdog: (pid=236)
[2025-09-10 17:20:44] ❌ Error en watchdog: (pid=236)
[2025-09-10 17:20:49] ❌ Error en watchdog: (pid=236)
[2025-09-10 17:20:50] ❌ Error en watchdog: (pid=236)
[2025-09-10 17:20:50] ❌ Error en watchdog: (pid=236)
[2025-09-10 17:20:54] ❌ Error en watchdog: (pid=236)
[2025-09-10 17:20:59] ❌ Error en watchdog: (pid=236)
[2025-09-10 17:21:00] ❌ Error en watchdog: (pid=236)
[2025-09-10 17:21:00] ❌ Error en watchdog: (pid=236)
[2025-09-10 17:21:04] ❌ Error en watchdog: (pid=236)
[2025-09-10 17:21:09] ❌ Error en watchdog: (pid=236)
[2025-09-10 17:21:10] ❌ Error en watchdog: (pid=236)
[2025-09-10 17:21:10] ❌ Error en watchdog: (pid=236)
[2025-09-10 17:21:14] ❌ Error en watchdog: (pid=236)
[2025-09-10 17:21:19] ❌ Error en watchdog: (pid=236)
[2025-09-10 17:21:20] ❌ Error en watchdog: (pid=236)
[2025-09-10 17:21:20] ❌ Error en watchdog: (pid=236)
[2025-09-10 17:21:24] ❌ Error en watchdog: (pid=236)
[2025-09-10 17:21:29] ❌ Error en watchdog: (pid=236)
[2025-09-10 17:21:30] ❌ Error en watchdog: (pid=236)
[2025-09-10 17:21:30] ❌ Error en watchdog: (pid=236)
[2025-09-10 17:21:34] ❌ Error en watchdog: (pid=236)
[2025-09-10 17:21:39] ❌ Error en watchdog: (pid=236)
[2025-09-10 17:21:40] ❌ Error en watchdog: (pid=236)
[2025-09-10 17:21:40] ❌ Error en watchdog: (pid=236)
[2025-09-10 17:21:44] ❌ Error en watchdog: (pid=236)
[2025-09-10 17:21:49] ❌ Error en watchdog: (pid=236)
[2025-09-10 17:21:50] ❌ Error en watchdog: (pid=236)
[2025-09-10 17:21:50] ❌ Error en watchdog: (pid=236)
[2025-09-10 17:21:54] ❌ Error en watchdog: (pid=236)
[2025-09-10 17:21:59] ❌ Error en watchdog: (pid=236)
[2025-09-10 17:22:00] ❌ Error en watchdog: (pid=236)
[2025-09-10 17:22:00] ❌ Error en watchdog: (pid=236)
[2025-09-10 17:22:04] ❌ Error en watchdog: (pid=236)
[2025-09-10 17:22:09] ❌ Error en watchdog: (pid=236)
[2025-09-10 17:22:10] ❌ Error en watchdog: (pid=236)
[2025-09-10 17:22:10] ❌ Error en watchdog: (pid=236)
[2025-09-10 17:22:14] ❌ Error en watchdog: (pid=236)
[2025-09-10 17:22:19] ❌ Error en watchdog: (pid=236)
[2025-09-10 17:22:20] ❌ Error en watchdog: (pid=236)
[2025-09-10 17:22:20] ❌ Error en watchdog: (pid=236)
[2025-09-10 17:22:24] ❌ Error en watchdog: (pid=236)
[2025-09-10 17:22:29] ❌ Error en watchdog: (pid=236)
[2025-09-10 17:22:30] ❌ Error en watchdog: (pid=236)
[2025-09-10 17:22:30] ❌ Error en watchdog: (pid=236)
[2025-09-10 17:22:34] ❌ Error en watchdog: (pid=236)
[2025-09-10 17:22:39] ❌ Error en watchdog: (pid=236)
[2025-09-10 17:22:40] ❌ Error en watchdog: (pid=236)
[2025-09-10 17:22:40] ❌ Error en watchdog: (pid=236)
[2025-09-10 17:22:44] ❌ Error en watchdog: (pid=236)
[2025-09-10 17:22:49] ❌ Error en watchdog: (pid=236)
[2025-09-10 17:22:50] ❌ Error en watchdog: (pid=236)
[2025-09-10 17:22:50] ❌ Error en watchdog: (pid=236)
[2025-09-10 17:22:54] ❌ Error en watchdog: (pid=236)
[2025-09-10 17:22:59] ❌ Error en watchdog: (pid=236)
[2025-09-10 17:23:00] ❌ Error en watchdog: (pid=236)
[2025-09-10 17:23:00] ❌ Error en watchdog: (pid=236)
[2025-09-10 17:23:04] ❌ Error en watchdog: (pid=236)
[2025-09-10 17:23:09] ❌ Error en watchdog: (pid=236)
[2025-09-10 17:23:10] ❌ Error en watchdog: (pid=236)
[2025-09-10 17:23:10] ❌ Error en watchdog: (pid=236)
[2025-09-10 17:23:14] ❌ Error en watchdog: (pid=236)
[2025-09-10 17:23:19] ❌ Error en watchdog: (pid=236)
[2025-09-10 17:23:20] ❌ Error en watchdog: (pid=236)
[2025-09-10 17:23:20] ❌ Error en watchdog: (pid=236)
[2025-09-10 17:23:24] ❌ Error en watchdog: (pid=236)
[2025-09-10 17:23:29] ❌ Error en watchdog: (pid=236)
[2025-09-10 17:23:30] ❌ Error en watchdog: (pid=236)
[2025-09-10 17:23:30] ❌ Error en watchdog: (pid=236)
[2025-09-10 17:23:34] ❌ Error en watchdog: (pid=236)
[2025-09-10 17:23:39] ❌ Error en watchdog: (pid=236)
[2025-09-10 17:23:40] ❌ Error en watchdog: (pid=236)
[2025-09-10 17:23:40] ❌ Error en watchdog: (pid=236)
[2025-09-10 17:23:44] ❌ Error en watchdog: (pid=236)
[2025-09-10 17:23:49] ❌ Error en watchdog: (pid=236)
[2025-09-10 17:23:50] ❌ Error en watchdog: (pid=236)
[2025-09-10 17:23:50] ❌ Error en watchdog: (pid=236)
[2025-09-10 17:23:54] ❌ Error en watchdog: (pid=236)
[2025-09-10 17:23:59] ❌ Error en watchdog: (pid=236)
[2025-09-10 17:24:00] ❌ Error en watchdog: (pid=236)
[2025-09-10 17:24:00] ❌ Error en watchdog: (pid=236)
[2025-09-10 17:24:04] ❌ Error en watchdog: (pid=236)
[2025-09-10 17:24:09] ❌ Error en watchdog: (pid=236)
[2025-09-10 17:24:10] ❌ Error en watchdog: (pid=236)
[2025-09-10 17:24:10] ❌ Error en watchdog: (pid=236)
[2025-09-10 17:24:14] ❌ Error en watchdog: (pid=236)
[2025-09-10 17:24:19] ❌ Error en watchdog: (pid=236)
[2025-09-10 17:24:20] ❌ Error en watchdog: (pid=236)
[2025-09-10 17:24:20] ❌ Error en watchdog: (pid=236)
[2025-09-10 17:24:24] ❌ Error en watchdog: (pid=236)
[2025-09-10 17:24:29] ❌ Error en watchdog: (pid=236)
[2025-09-10 17:24:30] ❌ Error en watchdog: (pid=236)
[2025-09-10 17:24:30] ❌ Error en watchdog: (pid=236)
[2025-09-10 17:24:34] ❌ Error en watchdog: (pid=236)
[2025-09-10 17:24:39] ❌ Error en watchdog: (pid=236)
[2025-09-10 17:24:40] ❌ Error en watchdog: (pid=236)
[2025-09-10 17:24:40] ❌ Error en watchdog: (pid=236)
[2025-09-10 17:24:44] ❌ Error en watchdog: (pid=236)
[2025-09-10 17:24:49] ❌ Error en watchdog: (pid=236)
[2025-09-10 17:24:50] ❌ Error en watchdog: (pid=236)
[2025-09-10 17:24:50] ❌ Error en watchdog: (pid=236)
[2025-09-10 17:24:54] ❌ Error en watchdog: (pid=236)
[2025-09-10 17:24:59] ❌ Error en watchdog: (pid=236)
[2025-09-10 17:25:00] ❌ Error en watchdog: (pid=236)
[2025-09-10 17:25:00] ❌ Error en watchdog: (pid=236)
[2025-09-10 17:25:04] ❌ Error en watchdog: (pid=236)
[2025-09-10 17:25:09] ❌ Error en watchdog: (pid=236)
[2025-09-10 17:25:10] ❌ Error en watchdog: (pid=236)
[2025-09-10 17:25:10] ❌ Error en watchdog: (pid=236)
[2025-09-10 17:25:14] ❌ Error en watchdog: (pid=236)
[2025-09-10 17:25:19] ❌ Error en watchdog: (pid=236)
[2025-09-10 17:25:20] ❌ Error en watchdog: (pid=236)
[2025-09-10 17:25:20] ❌ Error en watchdog: (pid=236)
[2025-09-10 17:25:24] ❌ Error en watchdog: (pid=236)
[2025-09-10 17:25:29] ❌ Error en watchdog: (pid=236)
[2025-09-10 17:25:30] ❌ Error en watchdog: (pid=236)
[2025-09-10 17:25:30] ❌ Error en watchdog: (pid=236)
[2025-09-10 17:25:34] ❌ Error en watchdog: (pid=236)
[2025-09-10 17:25:39] ❌ Error en watchdog: (pid=236)
[2025-09-10 17:25:40] ❌ Error en watchdog: (pid=236)
[2025-09-10 17:25:40] ❌ Error en watchdog: (pid=236)
[2025-09-10 17:25:44] ❌ Error en watchdog: (pid=236)
[2025-09-10 17:25:49] ❌ Error en watchdog: (pid=236)
[2025-09-10 17:25:50] ❌ Error en watchdog: (pid=236)
[2025-09-10 17:25:50] ❌ Error en watchdog: (pid=236)
[2025-09-10 17:25:54] ❌ Error en watchdog: (pid=236)
[2025-09-10 17:25:59] ❌ Error en watchdog: (pid=236)
[2025-09-10 17:26:00] ❌ Error en watchdog: (pid=236)
[2025-09-10 17:26:00] ❌ Error en watchdog: (pid=236)
[2025-09-10 17:26:04] ❌ Error en watchdog: (pid=236)
[2025-09-10 17:26:09] ❌ Error en watchdog: (pid=236)
[2025-09-10 17:26:10] ❌ Error en watchdog: (pid=236)
[2025-09-10 17:26:10] ❌ Error en watchdog: (pid=236)
[2025-09-10 17:26:14] ❌ Error en watchdog: (pid=236)
[2025-09-10 17:26:19] ❌ Error en watchdog: (pid=236)
[2025-09-10 17:26:20] ❌ Error en watchdog: (pid=236)
[2025-09-10 17:26:20] ❌ Error en watchdog: (pid=236)
[2025-09-10 17:26:24] ❌ Error en watchdog: (pid=236)
[2025-09-10 17:26:29] ❌ Error en watchdog: (pid=236)
[2025-09-10 17:26:30] ❌ Error en watchdog: (pid=236)
[2025-09-10 17:26:30] ❌ Error en watchdog: (pid=236)
[2025-09-10 17:26:34] ❌ Error en watchdog: (pid=236)
[2025-09-10 17:26:39] ❌ Error en watchdog: (pid=236)
[2025-09-10 17:26:40] ❌ Error en watchdog: (pid=236)
[2025-09-10 17:26:40] ❌ Error en watchdog: (pid=236)
[2025-09-10 17:26:44] ❌ Error en watchdog: (pid=236)
[2025-09-10 17:26:49] ❌ Error en watchdog: (pid=236)
[2025-09-10 17:26:50] ❌ Error en watchdog: (pid=236)
[2025-09-10 17:26:50] ❌ Error en watchdog: (pid=236)
[2025-09-10 17:26:54] ❌ Error en watchdog: (pid=236)
[2025-09-10 17:26:59] ❌ Error en watchdog: (pid=236)
[2025-09-10 17:27:00] ❌ Error en watchdog: (pid=236)
[2025-09-10 17:27:00] ❌ Error en watchdog: (pid=236)
[2025-09-10 17:27:04] ❌ Error en watchdog: (pid=236)
[2025-09-10 17:27:09] ❌ Error en watchdog: (pid=236)
[2025-09-10 17:27:10] ❌ Error en watchdog: (pid=236)
[2025-09-10 17:27:10] ❌ Error en watchdog: (pid=236)
[2025-09-10 17:27:14] ❌ Error en watchdog: (pid=236)
[2025-09-10 17:27:19] ❌ Error en watchdog: (pid=236)
[2025-09-10 17:27:19] ⛔ Tray cerrado manualmente por usuario
[2025-09-10 17:27:20] ❌ Error en watchdog: (pid=236)
[2025-09-10 17:27:21] ⛔ Tray cerrado manualmente por usuario
[2025-09-10 17:27:24] ❌ Error en watchdog: (pid=236)
[2025-09-10 17:27:25] ⛔ Tray cerrado manualmente por usuario
[2025-09-10 17:27:34] ❌ Error en watchdog: (pid=236)
[2025-09-10 17:27:44] ❌ Error en watchdog: (pid=236)
[2025-09-10 17:27:54] ❌ Error en watchdog: (pid=236)
[2025-09-10 17:28:04] ❌ Error en watchdog: (pid=236)
[2025-09-10 17:28:14] ❌ Error en watchdog: (pid=236)
[2025-09-10 17:28:24] ❌ Error en watchdog: (pid=236)
[2025-09-10 17:28:34] ❌ Error en watchdog: (pid=236)
[2025-09-10 17:28:44] ❌ Error en watchdog: (pid=236)
[2025-09-10 17:28:54] ❌ Error en watchdog: (pid=236)
[2025-09-10 17:29:04] ❌ Error en watchdog: (pid=236)
[2025-09-10 17:29:14] ❌ Error en watchdog: (pid=236)
[2025-09-10 17:29:24] ❌ Error en watchdog: (pid=236)
[2025-09-10 17:29:34] ❌ Error en watchdog: (pid=236)
[2025-09-10 17:29:44] ❌ Error en watchdog: (pid=236)
[2025-09-10 17:29:54] ❌ Error en watchdog: (pid=236)
[2025-09-10 17:30:04] ❌ Error en watchdog: (pid=236)
[2025-09-10 17:30:14] ❌ Error en watchdog: (pid=236)
[2025-09-10 17:30:24] ❌ Error en watchdog: (pid=236)
[2025-09-10 17:30:34] ❌ Error en watchdog: (pid=236)
[2025-09-10 17:30:44] ❌ Error en watchdog: (pid=236)
[2025-09-10 17:30:54] ❌ Error en watchdog: (pid=236)
[2025-09-10 17:31:04] ❌ Error en watchdog: (pid=236)
[2025-09-10 17:31:14] ❌ Error en watchdog: (pid=236)
[2025-09-10 17:31:24] ❌ Error en watchdog: (pid=236)
[2025-09-10 17:31:34] ❌ Error en watchdog: (pid=236)
[2025-09-10 17:31:44] ❌ Error en watchdog: (pid=236)
[2025-09-10 17:31:54] ❌ Error en watchdog: (pid=236)
[2025-09-10 17:32:04] ❌ Error en watchdog: (pid=236)
[2025-09-10 17:32:14] ❌ Error en watchdog: (pid=236)
[2025-09-10 17:32:24] ❌ Error en watchdog: (pid=236)
[2025-09-10 17:32:34] ❌ Error en watchdog: (pid=236)
[2025-09-10 17:32:44] ❌ Error en watchdog: (pid=236)
[2025-09-10 17:32:54] ❌ Error en watchdog: (pid=236)
[2025-09-10 17:33:04] ❌ Error en watchdog: (pid=236)
[2025-09-10 17:33:14] ❌ Error en watchdog: (pid=236)
[2025-09-10 17:33:24] ❌ Error en watchdog: (pid=236)
[2025-09-10 17:33:34] ❌ Error en watchdog: (pid=236)
[2025-09-10 17:33:44] ❌ Error en watchdog: (pid=236)
[2025-09-10 17:33:54] ❌ Error en watchdog: (pid=236)
[2025-09-10 17:34:04] ❌ Error en watchdog: (pid=236)
[2025-09-10 17:34:14] ❌ Error en watchdog: (pid=236)
[2025-09-10 17:34:24] ❌ Error en watchdog: (pid=236)
[2025-09-10 17:34:34] ❌ Error en watchdog: (pid=236)
[2025-09-10 17:34:44] ❌ Error en watchdog: (pid=236)
[2025-09-10 17:34:54] ❌ Error en watchdog: (pid=236)
[2025-09-10 17:35:04] ❌ Error en watchdog: (pid=236)
[2025-09-10 17:35:14] ❌ Error en watchdog: (pid=236)
[2025-09-10 17:35:24] ❌ Error en watchdog: (pid=236)
[2025-09-10 17:35:34] ❌ Error en watchdog: (pid=236)
[2025-09-10 17:35:44] ❌ Error en watchdog: (pid=236)
[2025-09-10 17:35:54] ❌ Error en watchdog: (pid=236)
[2025-09-10 17:36:04] ❌ Error en watchdog: (pid=236)
[2025-09-10 17:36:14] ❌ Error en watchdog: (pid=236)
[2025-09-10 17:36:24] ❌ Error en watchdog: (pid=236)
[2025-09-10 17:36:34] ❌ Error en watchdog: (pid=236)
[2025-09-10 17:36:44] ❌ Error en watchdog: (pid=236)
[2025-09-10 17:36:54] ❌ Error en watchdog: (pid=236)
[2025-09-10 17:37:04] ❌ Error en watchdog: (pid=236)
[2025-09-10 17:37:14] ❌ Error en watchdog: (pid=236)
[2025-09-10 17:37:24] ❌ Error en watchdog: (pid=236)
[2025-09-10 17:37:34] ❌ Error en watchdog: (pid=236)
[2025-09-10 17:37:44] ❌ Error en watchdog: (pid=236)
[2025-09-10 17:37:54] ❌ Error en watchdog: (pid=236)
[2025-09-10 17:38:04] ❌ Error en watchdog: (pid=236)
[2025-09-10 17:38:14] ❌ Error en watchdog: (pid=236)
[2025-09-10 17:38:24] ❌ Error en watchdog: (pid=236)
[2025-09-10 17:38:34] ❌ Error en watchdog: (pid=236)
[2025-09-10 17:38:44] ❌ Error en watchdog: (pid=236)
[2025-09-10 17:38:54] ❌ Error en watchdog: (pid=236)
[2025-09-10 17:39:04] ❌ Error en watchdog: (pid=236)
[2025-09-10 17:39:14] ❌ Error en watchdog: (pid=236)
[2025-09-10 17:39:24] ❌ Error en watchdog: (pid=236)
[2025-09-10 17:39:34] ❌ Error en watchdog: (pid=236)
[2025-09-10 17:39:44] ❌ Error en watchdog: (pid=236)
[2025-09-10 17:39:54] ❌ Error en watchdog: (pid=236)
[2025-09-10 17:40:04] ❌ Error en watchdog: (pid=236)
[2025-09-10 17:40:14] ❌ Error en watchdog: (pid=236)
[2025-09-10 17:40:24] ❌ Error en watchdog: (pid=236)
[2025-09-10 17:40:34] ❌ Error en watchdog: (pid=236)
[2025-09-10 17:40:44] ❌ Error en watchdog: (pid=236)
[2025-09-10 17:40:54] ❌ Error en watchdog: (pid=236)
[2025-09-10 17:41:04] ❌ Error en watchdog: (pid=236)
[2025-09-10 17:41:14] ❌ Error en watchdog: (pid=236)
[2025-09-10 17:41:24] ❌ Error en watchdog: (pid=236)
[2025-09-10 17:41:34] ❌ Error en watchdog: (pid=236)
[2025-09-10 17:41:44] ❌ Error en watchdog: (pid=236)
[2025-09-10 17:41:54] ❌ Error en watchdog: (pid=236)
[2025-09-10 17:42:04] ❌ Error en watchdog: (pid=236)
[2025-09-10 17:42:14] ❌ Error en watchdog: (pid=236)
[2025-09-10 17:42:24] ❌ Error en watchdog: (pid=236)
[2025-09-10 17:42:34] ❌ Error en watchdog: (pid=236)
[2025-09-10 17:42:44] ❌ Error en watchdog: (pid=236)
[2025-09-10 17:42:54] ❌ Error en watchdog: (pid=236)
[2025-09-10 17:43:05] ❌ Error en watchdog: (pid=236)
[2025-09-10 17:43:15] ❌ Error en watchdog: (pid=236)
[2025-09-10 17:43:25] ❌ Error en watchdog: (pid=236)
[2025-09-10 17:43:35] ❌ Error en watchdog: (pid=236)
[2025-09-10 17:43:45] ❌ Error en watchdog: (pid=236)
[2025-09-10 17:43:55] ❌ Error en watchdog: (pid=236)
[2025-09-10 17:44:05] ❌ Error en watchdog: (pid=236)
[2025-09-10 17:44:15] ❌ Error en watchdog: (pid=236)
[2025-09-10 17:44:25] ❌ Error en watchdog: (pid=236)
[2025-09-10 17:44:35] ❌ Error en watchdog: (pid=236)
[2025-09-10 17:44:45] ❌ Error en watchdog: (pid=236)
[2025-09-10 17:44:55] ❌ Error en watchdog: (pid=236)
[2025-09-10 17:45:05] ❌ Error en watchdog: (pid=236)
[2025-09-10 17:45:15] ❌ Error en watchdog: (pid=236)
[2025-09-10 17:45:25] ❌ Error en watchdog: (pid=236)
[2025-09-10 17:45:35] ❌ Error en watchdog: (pid=236)
[2025-09-10 17:45:45] ❌ Error en watchdog: (pid=236)
[2025-09-10 17:45:55] ❌ Error en watchdog: (pid=236)
[2025-09-10 17:46:05] ❌ Error en watchdog: (pid=236)
[2025-09-10 17:46:15] ❌ Error en watchdog: (pid=236)
[2025-09-10 17:46:25] ❌ Error en watchdog: (pid=236)
[2025-09-10 17:46:35] ❌ Error en watchdog: (pid=236)
[2025-09-10 17:46:45] ❌ Error en watchdog: (pid=236)
[2025-09-10 17:46:55] ❌ Error en watchdog: (pid=236)
[2025-09-10 17:47:05] ❌ Error en watchdog: (pid=236)
[2025-09-10 17:47:15] ❌ Error en watchdog: (pid=236)
[2025-09-10 17:47:25] ❌ Error en watchdog: (pid=236)
[2025-09-10 17:47:35] ❌ Error en watchdog: (pid=236)
[2025-09-10 17:47:45] ❌ Error en watchdog: (pid=236)
[2025-09-10 17:47:55] ❌ Error en watchdog: (pid=236)
[2025-09-10 17:48:05] ❌ Error en watchdog: (pid=236)
[2025-09-10 17:48:15] ❌ Error en watchdog: (pid=236)
[2025-09-10 17:48:25] ❌ Error en watchdog: (pid=236)
[2025-09-10 17:48:35] ❌ Error en watchdog: (pid=236)
[2025-09-10 17:48:45] ❌ Error en watchdog: (pid=236)
[2025-09-10 17:48:55] ❌ Error en watchdog: (pid=236)
[2025-09-10 17:49:05] ❌ Error en watchdog: (pid=236)
[2025-09-10 17:49:15] ❌ Error en watchdog: (pid=236)
[2025-09-10 17:49:25] ❌ Error en watchdog: (pid=236)
[2025-09-10 17:49:35] ❌ Error en watchdog: (pid=236)
[2025-09-10 17:49:45] ❌ Error en watchdog: (pid=236)
[2025-09-10 17:49:55] ❌ Error en watchdog: (pid=236)
[2025-09-10 17:50:05] ❌ Error en watchdog: (pid=236)
[2025-09-10 17:50:15] ❌ Error en watchdog: (pid=236)
[2025-09-10 17:50:25] ❌ Error en watchdog: (pid=236)
[2025-09-10 17:50:35] ❌ Error en watchdog: (pid=236)
[2025-09-10 17:50:45] ❌ Error en watchdog: (pid=236)
[2025-09-10 17:50:55] ❌ Error en watchdog: (pid=236)
[2025-09-10 17:51:05] ❌ Error en watchdog: (pid=236)
[2025-09-10 17:51:15] ❌ Error en watchdog: (pid=236)
[2025-09-10 17:51:25] ❌ Error en watchdog: (pid=236)
[2025-09-10 17:51:35] ❌ Error en watchdog: (pid=236)
[2025-09-10 17:51:45] ❌ Error en watchdog: (pid=236)
[2025-09-10 17:51:55] ❌ Error en watchdog: (pid=236)
[2025-09-10 17:52:05] ❌ Error en watchdog: (pid=236)
[2025-09-10 17:52:15] ❌ Error en watchdog: (pid=236)
[2025-09-10 17:52:25] ❌ Error en watchdog: (pid=236)
[2025-09-10 17:52:35] ❌ Error en watchdog: (pid=236)
[2025-09-10 17:52:45] ❌ Error en watchdog: (pid=236)
[2025-09-10 17:52:55] ❌ Error en watchdog: (pid=236)
[2025-09-10 17:53:05] ❌ Error en watchdog: (pid=236)
[2025-09-10 17:53:15] ❌ Error en watchdog: (pid=236)
[2025-09-10 17:53:25] ❌ Error en watchdog: (pid=236)
[2025-09-10 17:53:35] ❌ Error en watchdog: (pid=236)
[2025-09-10 17:53:45] ❌ Error en watchdog: (pid=236)
[2025-09-10 17:53:55] ❌ Error en watchdog: (pid=236)
[2025-09-10 17:54:05] ❌ Error en watchdog: (pid=236)
[2025-09-10 17:54:15] ❌ Error en watchdog: (pid=236)
[2025-09-10 17:54:25] ❌ Error en watchdog: (pid=236)
[2025-09-10 17:54:35] ❌ Error en watchdog: (pid=236)
[2025-09-10 17:54:45] ❌ Error en watchdog: (pid=236)
[2025-09-10 17:54:55] ❌ Error en watchdog: (pid=236)
[2025-09-10 17:55:05] ❌ Error en watchdog: (pid=236)
[2025-09-10 17:55:15] ❌ Error en watchdog: (pid=236)
[2025-09-10 17:55:25] ❌ Error en watchdog: (pid=236)
[2025-09-10 17:55:35] ❌ Error en watchdog: (pid=236)
[2025-09-10 17:55:45] ❌ Error en watchdog: (pid=236)
[2025-09-10 17:55:55] ❌ Error en watchdog: (pid=236)
[2025-09-10 17:56:05] ❌ Error en watchdog: (pid=236)
[2025-09-10 17:56:15] ❌ Error en watchdog: (pid=236)
[2025-09-10 17:56:25] ❌ Error en watchdog: (pid=236)
[2025-09-10 17:56:35] ❌ Error en watchdog: (pid=236)
[2025-09-10 17:56:45] ❌ Error en watchdog: (pid=236)
[2025-09-10 17:56:55] ❌ Error en watchdog: (pid=236)
[2025-09-10 17:57:05] ❌ Error en watchdog: (pid=236)
[2025-09-10 17:57:15] ❌ Error en watchdog: (pid=236)
[2025-09-10 17:57:25] ❌ Error en watchdog: (pid=236)
[2025-09-10 17:57:35] ❌ Error en watchdog: (pid=236)
[2025-09-10 17:57:45] ❌ Error en watchdog: (pid=236)
[2025-09-10 17:57:55] ❌ Error en watchdog: (pid=236)
[2025-09-10 17:58:05] ❌ Error en watchdog: (pid=236)
[2025-09-10 17:58:15] ❌ Error en watchdog: (pid=236)
[2025-09-10 17:58:25] ❌ Error en watchdog: (pid=236)
[2025-09-10 17:58:35] ❌ Error en watchdog: (pid=236)
[2025-09-10 17:58:45] ❌ Error en watchdog: (pid=236)
[2025-09-10 17:58:55] ❌ Error en watchdog: (pid=236)
[2025-09-10 17:59:05] ❌ Error en watchdog: (pid=236)
[2025-09-10 17:59:15] ❌ Error en watchdog: (pid=236)
[2025-09-10 17:59:25] ❌ Error en watchdog: (pid=236)
[2025-09-10 17:59:35] ❌ Error en watchdog: (pid=236)
[2025-09-10 17:59:45] ❌ Error en watchdog: (pid=236)
[2025-09-10 17:59:55] ❌ Error en watchdog: (pid=236)
[2025-09-10 18:00:05] ❌ Error en watchdog: (pid=236)
[2025-09-10 18:00:15] ❌ Error en watchdog: (pid=236)
[2025-09-10 18:00:25] ❌ Error en watchdog: (pid=236)
[2025-09-10 18:00:35] ❌ Error en watchdog: (pid=236)
[2025-09-10 18:00:45] ❌ Error en watchdog: (pid=236)
[2025-09-10 18:00:55] ❌ Error en watchdog: (pid=236)
[2025-09-10 18:01:05] ❌ Error en watchdog: (pid=236)
[2025-09-10 18:01:15] ❌ Error en watchdog: (pid=236)
[2025-09-10 18:01:25] ❌ Error en watchdog: (pid=236)
[2025-09-10 18:01:35] ❌ Error en watchdog: (pid=236)
[2025-09-10 18:01:45] ❌ Error en watchdog: (pid=236)
[2025-09-10 18:01:55] ❌ Error en watchdog: (pid=236)
[2025-09-10 18:02:05] ❌ Error en watchdog: (pid=236)
[2025-09-10 18:02:15] ❌ Error en watchdog: (pid=236)
[2025-09-10 18:02:25] ❌ Error en watchdog: (pid=236)
[2025-09-10 18:02:35] ❌ Error en watchdog: (pid=236)
[2025-09-10 18:02:45] ❌ Error en watchdog: (pid=236)
[2025-09-10 18:02:55] ❌ Error en watchdog: (pid=236)
[2025-09-10 18:03:05] ❌ Error en watchdog: (pid=236)
[2025-09-10 18:03:15] ❌ Error en watchdog: (pid=236)
[2025-09-10 18:03:25] ❌ Error en watchdog: (pid=236)
[2025-09-10 18:03:35] ❌ Error en watchdog: (pid=236)
[2025-09-10 18:03:45] ❌ Error en watchdog: (pid=236)
[2025-09-10 18:03:55] ❌ Error en watchdog: (pid=236)
[2025-09-10 18:04:05] ❌ Error en watchdog: (pid=236)
[2025-09-10 18:04:15] ❌ Error en watchdog: (pid=236)
[2025-09-10 18:04:25] ❌ Error en watchdog: (pid=236)
[2025-09-10 18:04:35] ❌ Error en watchdog: (pid=236)
[2025-09-10 18:04:45] ❌ Error en watchdog: (pid=236)
[2025-09-10 18:04:55] ❌ Error en watchdog: (pid=236)
[2025-09-10 18:05:05] ❌ Error en watchdog: (pid=236)
[2025-09-10 18:05:15] ❌ Error en watchdog: (pid=236)
[2025-09-10 18:05:25] ❌ Error en watchdog: (pid=236)
[2025-09-10 18:05:35] ❌ Error en watchdog: (pid=236)
[2025-09-10 18:05:45] ❌ Error en watchdog: (pid=236)
[2025-09-10 18:05:55] ❌ Error en watchdog: (pid=236)
[2025-09-10 18:06:05] ❌ Error en watchdog: (pid=236)
[2025-09-10 18:06:15] ❌ Error en watchdog: (pid=236)
[2025-09-10 18:06:25] ❌ Error en watchdog: (pid=236)
[2025-09-10 18:06:35] ❌ Error en watchdog: (pid=236)
[2025-09-10 18:06:45] ❌ Error en watchdog: (pid=236)
[2025-09-10 18:06:55] ❌ Error en watchdog: (pid=236)
[2025-09-10 18:07:05] ❌ Error en watchdog: (pid=236)
[2025-09-10 18:07:15] ❌ Error en watchdog: (pid=236)
[2025-09-10 18:07:25] ❌ Error en watchdog: (pid=236)
[2025-09-10 18:07:35] ❌ Error en watchdog: (pid=236)
[2025-09-10 18:07:45] ❌ Error en watchdog: (pid=236)
[2025-09-10 18:07:55] ❌ Error en watchdog: (pid=236)
[2025-09-10 18:08:05] ❌ Error en watchdog: (pid=236)
[2025-09-10 18:08:15] ❌ Error en watchdog: (pid=236)
[2025-09-10 18:08:25] ❌ Error en watchdog: (pid=236)
[2025-09-10 18:08:35] ❌ Error en watchdog: (pid=236)
[2025-09-10 18:08:45] ❌ Error en watchdog: (pid=236)
[2025-09-10 18:08:55] ❌ Error en watchdog: (pid=236)
[2025-09-10 18:09:05] ❌ Error en watchdog: (pid=236)
[2025-09-10 18:09:15] ❌ Error en watchdog: (pid=236)
[2025-09-10 18:09:25] ❌ Error en watchdog: (pid=236)
[2025-09-10 18:09:35] ❌ Error en watchdog: (pid=236)
[2025-09-10 18:09:45] ❌ Error en watchdog: (pid=236)
[2025-09-10 18:09:55] ❌ Error en watchdog: (pid=236)
[2025-09-10 18:10:05] ❌ Error en watchdog: (pid=236)
[2025-09-10 18:10:15] ❌ Error en watchdog: (pid=236)
[2025-09-10 18:10:25] ❌ Error en watchdog: (pid=236)
[2025-09-10 18:10:35] ❌ Error en watchdog: (pid=236)
[2025-09-10 18:10:45] ❌ Error en watchdog: (pid=236)
[2025-09-10 18:10:55] ❌ Error en watchdog: (pid=236)
[2025-09-10 18:11:05] ❌ Error en watchdog: (pid=236)
[2025-09-10 18:11:15] ❌ Error en watchdog: (pid=236)
[2025-09-10 18:11:25] ❌ Error en watchdog: (pid=236)
[2025-09-10 18:11:35] ❌ Error en watchdog: (pid=236)
[2025-09-10 18:11:45] ❌ Error en watchdog: (pid=236)
[2025-09-10 18:11:55] ❌ Error en watchdog: (pid=236)
[2025-09-10 18:12:05] ❌ Error en watchdog: (pid=236)
[2025-09-10 18:12:15] ❌ Error en watchdog: (pid=236)
[2025-09-10 18:12:25] ❌ Error en watchdog: (pid=236)
[2025-09-10 18:12:35] ❌ Error en watchdog: (pid=236)
[2025-09-10 18:12:45] ❌ Error en watchdog: (pid=236)
[2025-09-10 18:12:55] ❌ Error en watchdog: (pid=236)
[2025-09-10 18:13:05] ❌ Error en watchdog: (pid=236)
[2025-09-10 18:13:15] ❌ Error en watchdog: (pid=236)
[2025-09-10 18:13:25] ❌ Error en watchdog: (pid=236)
[2025-09-10 18:13:35] ❌ Error en watchdog: (pid=236)
[2025-09-10 18:13:45] ❌ Error en watchdog: (pid=236)
[2025-09-10 18:13:55] ❌ Error en watchdog: (pid=236)
[2025-09-10 18:14:05] ❌ Error en watchdog: (pid=236)
[2025-09-10 18:14:15] ❌ Error en watchdog: (pid=236)
[2025-09-10 18:14:25] ❌ Error en watchdog: (pid=236)
[2025-09-10 18:14:35] ❌ Error en watchdog: (pid=236)
[2025-09-10 18:14:45] ❌ Error en watchdog: (pid=236)
[2025-09-10 18:14:55] ❌ Error en watchdog: (pid=236)
[2025-09-10 18:15:05] ❌ Error en watchdog: (pid=236)
[2025-09-10 18:15:15] ❌ Error en watchdog: (pid=236)
[2025-09-10 18:15:25] ❌ Error en watchdog: (pid=236)
[2025-09-10 18:15:35] ❌ Error en watchdog: (pid=236)
[2025-09-10 18:15:45] ❌ Error en watchdog: (pid=236)
[2025-09-10 18:15:55] ❌ Error en watchdog: (pid=236)
[2025-09-10 18:16:05] ❌ Error en watchdog: (pid=236)
[2025-09-10 18:16:15] ❌ Error en watchdog: (pid=236)
[2025-09-10 18:16:25] ❌ Error en watchdog: (pid=236)
[2025-09-10 18:16:35] ❌ Error en watchdog: (pid=236)
[2025-09-10 18:16:45] ❌ Error en watchdog: (pid=236)
[2025-09-10 18:16:55] ❌ Error en watchdog: (pid=236)
[2025-09-10 18:17:05] ❌ Error en watchdog: (pid=236)
[2025-09-10 18:17:15] ❌ Error en watchdog: (pid=236)
[2025-09-10 18:17:25] ❌ Error en watchdog: (pid=236)
[2025-09-10 18:17:35] ❌ Error en watchdog: (pid=236)
[2025-09-10 18:17:45] ❌ Error en watchdog: (pid=236)
[2025-09-10 18:17:55] ❌ Error en watchdog: (pid=236)
[2025-09-10 18:18:05] ❌ Error en watchdog: (pid=236)
[2025-09-10 18:18:15] ❌ Error en watchdog: (pid=236)
[2025-09-10 18:18:25] ❌ Error en watchdog: (pid=236)
[2025-09-10 18:18:35] ❌ Error en watchdog: (pid=236)
[2025-09-10 18:18:45] ❌ Error en watchdog: (pid=236)
[2025-09-10 18:18:55] ❌ Error en watchdog: (pid=236)
[2025-09-10 18:19:06] ❌ Error en watchdog: (pid=236)
[2025-09-10 18:19:16] ❌ Error en watchdog: (pid=236)
[2025-09-10 18:19:26] ❌ Error en watchdog: (pid=236)
[2025-09-10 18:19:36] ❌ Error en watchdog: (pid=236)
[2025-09-10 18:19:46] ❌ Error en watchdog: (pid=236)
[2025-09-10 18:19:56] ❌ Error en watchdog: (pid=236)
[2025-09-10 18:20:06] ❌ Error en watchdog: (pid=236)
[2025-09-10 18:20:16] ❌ Error en watchdog: (pid=236)
[2025-09-10 18:20:26] ❌ Error en watchdog: (pid=236)
[2025-09-10 18:20:36] ❌ Error en watchdog: (pid=236)
[2025-09-10 18:20:46] ❌ Error en watchdog: (pid=236)
[2025-09-10 18:20:56] ❌ Error en watchdog: (pid=236)
[2025-09-10 18:21:06] ❌ Error en watchdog: (pid=236)
[2025-09-10 18:21:16] ❌ Error en watchdog: (pid=236)
[2025-09-10 18:21:26] ❌ Error en watchdog: (pid=236)
[2025-09-10 18:21:36] ❌ Error en watchdog: (pid=236)
[2025-09-10 18:21:46] ❌ Error en watchdog: (pid=236)
[2025-09-10 18:21:56] ❌ Error en watchdog: (pid=236)
[2025-09-10 18:22:06] ❌ Error en watchdog: (pid=236)
[2025-09-10 18:22:16] ❌ Error en watchdog: (pid=236)
[2025-09-10 18:22:26] ❌ Error en watchdog: (pid=236)
[2025-09-10 18:22:36] ❌ Error en watchdog: (pid=236)
[2025-09-10 18:22:46] ❌ Error en watchdog: (pid=236)
[2025-09-10 18:22:56] ❌ Error en watchdog: (pid=236)
[2025-09-10 18:23:06] ❌ Error en watchdog: (pid=236)
[2025-09-10 18:23:16] ❌ Error en watchdog: (pid=236)
[2025-09-10 18:23:26] ❌ Error en watchdog: (pid=236)
[2025-09-10 18:23:36] ❌ Error en watchdog: (pid=236)
[2025-09-10 18:23:46] ❌ Error en watchdog: (pid=236)
[2025-09-10 18:23:56] ❌ Error en watchdog: (pid=236)
[2025-09-10 18:24:06] ❌ Error en watchdog: (pid=236)
[2025-09-10 18:24:16] ❌ Error en watchdog: (pid=236)
[2025-09-10 18:24:26] ❌ Error en watchdog: (pid=236)
[2025-09-10 18:24:36] ❌ Error en watchdog: (pid=236)
[2025-09-10 18:24:46] ❌ Error en watchdog: (pid=236)
[2025-09-10 18:24:56] ❌ Error en watchdog: (pid=236)
[2025-09-10 18:25:06] ❌ Error en watchdog: (pid=236)
[2025-09-10 18:25:16] ❌ Error en watchdog: (pid=236)
[2025-09-10 18:25:26] ❌ Error en watchdog: (pid=236)
[2025-09-10 18:25:36] ❌ Error en watchdog: (pid=236)
[2025-09-10 18:25:46] ❌ Error en watchdog: (pid=236)
[2025-09-10 18:25:56] ❌ Error en watchdog: (pid=236)
[2025-09-10 18:26:06] ❌ Error en watchdog: (pid=236)
[2025-09-10 18:26:16] ❌ Error en watchdog: (pid=236)
[2025-09-10 18:26:26] ❌ Error en watchdog: (pid=236)
[2025-09-10 18:26:36] ❌ Error en watchdog: (pid=236)
[2025-09-10 18:26:46] ❌ Error en watchdog: (pid=236)
[2025-09-10 18:26:56] ❌ Error en watchdog: (pid=236)
[2025-09-10 18:27:06] ❌ Error en watchdog: (pid=236)
[2025-09-10 18:27:16] ❌ Error en watchdog: (pid=236)
[2025-09-10 18:27:26] ❌ Error en watchdog: (pid=236)
[2025-09-10 18:27:36] ❌ Error en watchdog: (pid=236)
[2025-09-10 18:27:46] ❌ Error en watchdog: (pid=236)
[2025-09-10 18:27:56] ❌ Error en watchdog: (pid=236)
[2025-09-10 18:28:06] ❌ Error en watchdog: (pid=236)
[2025-09-10 18:28:16] ❌ Error en watchdog: (pid=236)
[2025-09-10 18:28:26] ❌ Error en watchdog: (pid=236)
[2025-09-10 18:28:36] ❌ Error en watchdog: (pid=236)
[2025-09-10 18:28:46] ❌ Error en watchdog: (pid=236)
[2025-09-10 18:28:56] ❌ Error en watchdog: (pid=236)
[2025-09-10 18:29:06] ❌ Error en watchdog: (pid=236)
[2025-09-10 18:29:16] ❌ Error en watchdog: (pid=236)
[2025-09-10 18:29:26] ❌ Error en watchdog: (pid=236)
[2025-09-10 18:29:36] ❌ Error en watchdog: (pid=236)
[2025-09-10 18:29:46] ❌ Error en watchdog: (pid=236)
[2025-09-10 18:29:56] ❌ Error en watchdog: (pid=236)
[2025-09-10 18:30:06] ❌ Error en watchdog: (pid=236)
[2025-09-10 18:30:16] ❌ Error en watchdog: (pid=236)
[2025-09-10 18:30:26] ❌ Error en watchdog: (pid=236)
[2025-09-10 18:30:36] ❌ Error en watchdog: (pid=236)
[2025-09-10 18:30:46] ❌ Error en watchdog: (pid=236)
[2025-09-10 18:30:56] ❌ Error en watchdog: (pid=236)
[2025-09-10 18:31:06] ❌ Error en watchdog: (pid=236)
[2025-09-10 18:31:16] ❌ Error en watchdog: (pid=236)
[2025-09-10 18:31:26] ❌ Error en watchdog: (pid=236)
[2025-09-10 18:31:36] ❌ Error en watchdog: (pid=236)
[2025-09-10 18:31:46] ❌ Error en watchdog: (pid=236)
[2025-09-10 18:31:56] ❌ Error en watchdog: (pid=236)
[2025-09-10 18:32:06] ❌ Error en watchdog: (pid=236)
[2025-09-10 18:32:16] ❌ Error en watchdog: (pid=236)
[2025-09-10 18:32:26] ❌ Error en watchdog: (pid=236)
[2025-09-10 18:32:36] ❌ Error en watchdog: (pid=236)
[2025-09-10 18:32:46] ❌ Error en watchdog: (pid=236)
[2025-09-10 18:32:56] ❌ Error en watchdog: (pid=236)
[2025-09-10 18:33:06] ❌ Error en watchdog: (pid=236)
[2025-09-10 18:33:16] ❌ Error en watchdog: (pid=236)
[2025-09-10 18:33:26] ❌ Error en watchdog: (pid=236)
[2025-09-10 18:33:36] ❌ Error en watchdog: (pid=236)
[2025-09-10 18:33:46] ❌ Error en watchdog: (pid=236)
[2025-09-10 18:33:56] ❌ Error en watchdog: (pid=236)
[2025-09-10 18:34:06] ❌ Error en watchdog: (pid=236)
[2025-09-10 18:34:16] ❌ Error en watchdog: (pid=236)
[2025-09-10 18:34:26] ❌ Error en watchdog: (pid=236)
[2025-09-10 18:34:36] ❌ Error en watchdog: (pid=236)
[2025-09-10 18:34:46] ❌ Error en watchdog: (pid=236)
[2025-09-10 18:34:56] ❌ Error en watchdog: (pid=236)
[2025-09-10 18:35:06] ❌ Error en watchdog: (pid=236)
[2025-09-10 18:35:16] ❌ Error en watchdog: (pid=236)
[2025-09-10 18:35:26] ❌ Error en watchdog: (pid=236)
[2025-09-10 18:35:36] ❌ Error en watchdog: (pid=236)
[2025-09-10 18:35:46] ❌ Error en watchdog: (pid=236)
[2025-09-10 18:35:56] ❌ Error en watchdog: (pid=236)
[2025-09-10 18:36:06] ❌ Error en watchdog: (pid=236)
[2025-09-10 18:36:16] ❌ Error en watchdog: (pid=236)
[2025-09-10 18:36:26] ❌ Error en watchdog: (pid=236)
[2025-09-10 18:36:36] ❌ Error en watchdog: (pid=236)
[2025-09-10 18:36:46] ❌ Error en watchdog: (pid=236)
[2025-09-10 18:36:56] ❌ Error en watchdog: (pid=236)
[2025-09-10 18:37:06] ❌ Error en watchdog: (pid=236)
[2025-09-10 18:37:16] ❌ Error en watchdog: (pid=236)
[2025-09-10 18:37:26] ❌ Error en watchdog: (pid=236)
[2025-09-10 18:37:36] ❌ Error en watchdog: (pid=236)
[2025-09-10 18:37:46] ❌ Error en watchdog: (pid=236)
[2025-09-10 18:37:56] ❌ Error en watchdog: (pid=236)
[2025-09-10 18:38:06] ❌ Error en watchdog: (pid=236)
[2025-09-10 18:38:16] ❌ Error en watchdog: (pid=236)
[2025-09-10 18:38:26] ❌ Error en watchdog: (pid=236)
[2025-09-10 18:38:36] ❌ Error en watchdog: (pid=236)
[2025-09-10 18:38:46] ❌ Error en watchdog: (pid=236)
[2025-09-10 18:38:56] ❌ Error en watchdog: (pid=236)
[2025-09-10 18:39:06] ❌ Error en watchdog: (pid=236)
[2025-09-10 18:39:16] ❌ Error en watchdog: (pid=236)
[2025-09-10 18:39:26] ❌ Error en watchdog: (pid=236)
[2025-09-10 18:39:36] ❌ Error en watchdog: (pid=236)
[2025-09-10 18:39:46] ❌ Error en watchdog: (pid=236)
[2025-09-10 18:39:56] ❌ Error en watchdog: (pid=236)
[2025-09-10 18:40:06] ❌ Error en watchdog: (pid=236)
[2025-09-10 18:40:16] ❌ Error en watchdog: (pid=236)
[2025-09-10 18:40:26] ❌ Error en watchdog: (pid=236)
[2025-09-10 18:40:36] ❌ Error en watchdog: (pid=236)
[2025-09-10 18:40:46] ❌ Error en watchdog: (pid=236)
[2025-09-10 18:40:56] ❌ Error en watchdog: (pid=236)
[2025-09-10 18:41:06] ❌ Error en watchdog: (pid=236)
[2025-09-10 18:41:16] ❌ Error en watchdog: (pid=236)
[2025-09-10 18:41:26] ❌ Error en watchdog: (pid=236)
[2025-09-10 18:41:36] ❌ Error en watchdog: (pid=236)
[2025-09-10 18:41:46] ❌ Error en watchdog: (pid=236)
[2025-09-10 18:41:56] ❌ Error en watchdog: (pid=236)
[2025-09-10 18:42:06] ❌ Error en watchdog: (pid=236)
[2025-09-10 18:42:16] ❌ Error en watchdog: (pid=236)
[2025-09-10 18:42:26] ❌ Error en watchdog: (pid=236)
[2025-09-10 18:42:36] ❌ Error en watchdog: (pid=236)
[2025-09-10 18:42:46] ❌ Error en watchdog: (pid=236)
[2025-09-10 18:42:56] ❌ Error en watchdog: (pid=236)
[2025-09-10 18:43:06] ❌ Error en watchdog: (pid=236)
[2025-09-10 18:43:16] ❌ Error en watchdog: (pid=236)
[2025-09-10 18:43:26] ❌ Error en watchdog: (pid=236)
[2025-09-10 18:43:36] ❌ Error en watchdog: (pid=236)
[2025-09-10 18:43:46] ❌ Error en watchdog: (pid=236)
[2025-09-10 18:43:56] ❌ Error en watchdog: (pid=236)
[2025-09-10 18:44:06] ❌ Error en watchdog: (pid=236)
[2025-09-10 18:44:16] ❌ Error en watchdog: (pid=236)
[2025-09-10 18:44:26] ❌ Error en watchdog: (pid=236)
[2025-09-10 18:44:36] ❌ Error en watchdog: (pid=236)
[2025-09-10 18:44:46] ❌ Error en watchdog: (pid=236)
[2025-09-10 18:44:56] ❌ Error en watchdog: (pid=236)
[2025-09-10 18:45:06] ❌ Error en watchdog: (pid=236)
[2025-09-10 18:45:16] ❌ Error en watchdog: (pid=236)
[2025-09-10 18:45:26] ❌ Error en watchdog: (pid=236)
[2025-09-10 18:45:36] ❌ Error en watchdog: (pid=236)
[2025-09-10 18:45:46] ❌ Error en watchdog: (pid=236)
[2025-09-10 18:45:56] ❌ Error en watchdog: (pid=236)
[2025-09-10 18:46:06] ❌ Error en watchdog: (pid=236)
[2025-09-10 18:46:16] ❌ Error en watchdog: (pid=236)
[2025-09-10 18:46:26] ❌ Error en watchdog: (pid=236)
[2025-09-10 18:46:36] ❌ Error en watchdog: (pid=236)
[2025-09-10 18:46:46] ❌ Error en watchdog: (pid=236)
[2025-09-10 18:46:56] ❌ Error en watchdog: (pid=236)
[2025-09-10 18:47:06] ❌ Error en watchdog: (pid=236)
[2025-09-10 18:47:16] ❌ Error en watchdog: (pid=236)
[2025-09-10 18:47:26] ❌ Error en watchdog: (pid=236)
[2025-09-10 18:47:36] ❌ Error en watchdog: (pid=236)
[2025-09-10 18:47:46] ❌ Error en watchdog: (pid=236)
[2025-09-10 18:47:56] ❌ Error en watchdog: (pid=236)
[2025-09-10 18:48:06] ❌ Error en watchdog: (pid=236)
[2025-09-10 18:48:16] ❌ Error en watchdog: (pid=236)
[2025-09-10 18:48:26] ❌ Error en watchdog: (pid=236)
[2025-09-10 18:48:36] ❌ Error en watchdog: (pid=236)
[2025-09-10 18:48:46] ❌ Error en watchdog: (pid=236)
[2025-09-10 18:48:56] ❌ Error en watchdog: (pid=236)
[2025-09-10 18:49:06] ❌ Error en watchdog: (pid=236)
[2025-09-10 18:49:16] ❌ Error en watchdog: (pid=236)
[2025-09-10 18:49:26] ❌ Error en watchdog: (pid=236)
[2025-09-10 18:49:36] ❌ Error en watchdog: (pid=236)
[2025-09-10 18:49:46] ❌ Error en watchdog: (pid=236)
[2025-09-10 18:49:56] ❌ Error en watchdog: (pid=236)
[2025-09-10 18:50:06] ❌ Error en watchdog: (pid=236)
[2025-09-10 18:50:16] ❌ Error en watchdog: (pid=236)
[2025-09-10 18:50:26] ❌ Error en watchdog: (pid=236)
[2025-09-10 18:50:36] ❌ Error en watchdog: (pid=236)
[2025-09-10 18:50:46] ❌ Error en watchdog: (pid=236)
[2025-09-10 18:50:56] ❌ Error en watchdog: (pid=236)
[2025-09-10 18:51:06] ❌ Error en watchdog: (pid=236)
[2025-09-10 18:51:16] ❌ Error en watchdog: (pid=236)
[2025-09-10 18:51:26] ❌ Error en watchdog: (pid=236)
[2025-09-10 18:51:36] ❌ Error en watchdog: (pid=236)
[2025-09-10 18:51:46] ❌ Error en watchdog: (pid=236)
[2025-09-10 18:51:56] ❌ Error en watchdog: (pid=236)
[2025-09-10 18:52:06] ❌ Error en watchdog: (pid=236)
[2025-09-10 18:52:16] ❌ Error en watchdog: (pid=236)
[2025-09-10 18:52:26] ❌ Error en watchdog: (pid=236)
[2025-09-10 18:52:36] ❌ Error en watchdog: (pid=236)
[2025-09-10 18:52:46] ❌ Error en watchdog: (pid=236)
[2025-09-10 18:52:56] ❌ Error en watchdog: (pid=236)
[2025-09-10 18:53:06] ❌ Error en watchdog: (pid=236)
[2025-09-10 18:53:16] ❌ Error en watchdog: (pid=236)
[2025-09-10 18:53:26] ❌ Error en watchdog: (pid=236)
[2025-09-10 18:53:36] ❌ Error en watchdog: (pid=236)
[2025-09-10 18:53:46] ❌ Error en watchdog: (pid=236)
[2025-09-10 18:53:56] ❌ Error en watchdog: (pid=236)
[2025-09-10 18:54:06] ❌ Error en watchdog: (pid=236)
[2025-09-10 18:54:16] ❌ Error en watchdog: (pid=236)
[2025-09-10 18:54:26] ❌ Error en watchdog: (pid=236)
[2025-09-10 18:54:36] ❌ Error en watchdog: (pid=236)
[2025-09-10 18:54:46] ❌ Error en watchdog: (pid=236)
[2025-09-10 18:54:56] ❌ Error en watchdog: (pid=236)
[2025-09-10 18:55:06] ❌ Error en watchdog: (pid=236)
[2025-09-10 18:55:16] ❌ Error en watchdog: (pid=236)
[2025-09-10 18:55:26] ❌ Error en watchdog: (pid=236)
[2025-09-10 18:55:36] ❌ Error en watchdog: (pid=236)
[2025-09-10 18:55:46] ❌ Error en watchdog: (pid=236)
[2025-09-10 18:55:56] ❌ Error en watchdog: (pid=236)
[2025-09-10 18:56:06] ❌ Error en watchdog: (pid=236)
[2025-09-10 18:56:16] ❌ Error en watchdog: (pid=236)
[2025-09-10 18:56:26] ❌ Error en watchdog: (pid=236)
[2025-09-10 18:56:36] ❌ Error en watchdog: (pid=236)
[2025-09-10 18:56:46] ❌ Error en watchdog: (pid=236)
[2025-09-10 18:56:56] ❌ Error en watchdog: (pid=236)
[2025-09-10 18:57:06] ❌ Error en watchdog: (pid=236)
[2025-09-10 18:57:16] ❌ Error en watchdog: (pid=236)
[2025-09-10 18:57:26] ❌ Error en watchdog: (pid=236)
[2025-09-10 18:57:36] ❌ Error en watchdog: (pid=236)
[2025-09-10 18:57:46] ❌ Error en watchdog: (pid=236)
[2025-09-10 18:57:56] ❌ Error en watchdog: (pid=236)
[2025-09-10 18:58:06] ❌ Error en watchdog: (pid=236)
[2025-09-10 18:58:16] ❌ Error en watchdog: (pid=236)
[2025-09-10 18:58:26] ❌ Error en watchdog: (pid=236)
[2025-09-10 18:58:36] ❌ Error en watchdog: (pid=236)
[2025-09-10 18:58:46] ❌ Error en watchdog: (pid=236)
[2025-09-10 18:58:56] ❌ Error en watchdog: (pid=236)
[2025-09-10 18:59:06] ❌ Error en watchdog: (pid=236)
[2025-09-10 18:59:16] ❌ Error en watchdog: (pid=236)
[2025-09-10 18:59:26] ❌ Error en watchdog: (pid=236)
[2025-09-10 18:59:36] ❌ Error en watchdog: (pid=236)
[2025-09-10 18:59:46] ❌ Error en watchdog: (pid=236)
[2025-09-10 18:59:56] ❌ Error en watchdog: (pid=236)
[2025-09-10 19:00:06] ❌ Error en watchdog: (pid=236)
[2025-09-10 19:00:16] ❌ Error en watchdog: (pid=236)
[2025-09-10 19:00:26] ❌ Error en watchdog: (pid=236)
[2025-09-10 19:00:36] ❌ Error en watchdog: (pid=236)
[2025-09-10 19:00:46] ❌ Error en watchdog: (pid=236)
[2025-09-10 19:00:56] ❌ Error en watchdog: (pid=236)
[2025-09-10 19:01:06] ❌ Error en watchdog: (pid=236)
[2025-09-10 19:01:16] ❌ Error en watchdog: (pid=236)
[2025-09-10 19:01:26] ❌ Error en watchdog: (pid=236)
[2025-09-10 19:01:36] ❌ Error en watchdog: (pid=236)
[2025-09-10 19:01:46] ❌ Error en watchdog: (pid=236)
[2025-09-10 19:01:56] ❌ Error en watchdog: (pid=236)
[2025-09-10 19:02:06] ❌ Error en watchdog: (pid=236)
[2025-09-10 19:02:16] ❌ Error en watchdog: (pid=236)
[2025-09-10 19:02:26] ❌ Error en watchdog: (pid=236)
[2025-09-10 19:02:36] ❌ Error en watchdog: (pid=236)
[2025-09-10 19:02:46] ❌ Error en watchdog: (pid=236)
[2025-09-10 19:02:56] ❌ Error en watchdog: (pid=236)
[2025-09-10 19:03:06] ❌ Error en watchdog: (pid=236)
[2025-09-10 19:03:16] ❌ Error en watchdog: (pid=236)
[2025-09-10 19:03:26] ❌ Error en watchdog: (pid=236)
[2025-09-10 19:03:36] ❌ Error en watchdog: (pid=236)
[2025-09-10 19:03:46] ❌ Error en watchdog: (pid=236)
[2025-09-10 19:03:56] ❌ Error en watchdog: (pid=236)
[2025-09-10 19:04:06] ❌ Error en watchdog: (pid=236)
[2025-09-10 19:04:16] ❌ Error en watchdog: (pid=236)
[2025-09-10 19:04:26] ❌ Error en watchdog: (pid=236)
[2025-09-10 19:04:36] ❌ Error en watchdog: (pid=236)
[2025-09-10 19:04:46] ❌ Error en watchdog: (pid=236)
[2025-09-10 19:04:56] ❌ Error en watchdog: (pid=236)
[2025-09-10 19:05:06] ❌ Error en watchdog: (pid=236)
[2025-09-10 19:05:16] ❌ Error en watchdog: (pid=236)
[2025-09-10 19:05:26] ❌ Error en watchdog: (pid=236)
[2025-09-10 19:05:36] ❌ Error en watchdog: (pid=236)
[2025-09-10 19:05:46] ❌ Error en watchdog: (pid=236)
[2025-09-10 19:05:56] ❌ Error en watchdog: (pid=236)
[2025-09-10 19:06:06] ❌ Error en watchdog: (pid=236)
[2025-09-10 19:06:16] ❌ Error en watchdog: (pid=236)
[2025-09-10 19:06:26] ❌ Error en watchdog: (pid=236)
[2025-09-10 19:06:36] ❌ Error en watchdog: (pid=236)
[2025-09-10 19:06:46] ❌ Error en watchdog: (pid=236)
[2025-09-10 19:06:56] ❌ Error en watchdog: (pid=236)
[2025-09-10 19:07:06] ❌ Error en watchdog: (pid=236)
[2025-09-10 19:07:16] ❌ Error en watchdog: (pid=236)
[2025-09-10 19:07:26] ❌ Error en watchdog: (pid=236)
[2025-09-10 19:07:36] ❌ Error en watchdog: (pid=236)
[2025-09-10 19:07:46] ❌ Error en watchdog: (pid=236)
[2025-09-10 19:07:56] ❌ Error en watchdog: (pid=236)
[2025-09-10 19:08:06] ❌ Error en watchdog: (pid=236)
[2025-09-10 19:08:16] ❌ Error en watchdog: (pid=236)
[2025-09-10 19:08:26] ❌ Error en watchdog: (pid=236)
[2025-09-10 19:08:36] ❌ Error en watchdog: (pid=236)
[2025-09-10 19:08:46] ❌ Error en watchdog: (pid=236)
[2025-09-10 19:08:56] ❌ Error en watchdog: (pid=236)
[2025-09-10 19:09:06] ❌ Error en watchdog: (pid=236)
[2025-09-10 19:09:16] ❌ Error en watchdog: (pid=236)
[2025-09-10 19:09:26] ❌ Error en watchdog: (pid=236)
[2025-09-10 19:09:36] ❌ Error en watchdog: (pid=236)
[2025-09-10 19:09:46] ❌ Error en watchdog: (pid=236)
[2025-09-10 19:09:56] ❌ Error en watchdog: (pid=236)
[2025-09-10 19:10:06] ❌ Error en watchdog: (pid=236)
[2025-09-10 19:10:16] ❌ Error en watchdog: (pid=236)
[2025-09-10 19:10:26] ❌ Error en watchdog: (pid=236)
[2025-09-10 19:10:36] ❌ Error en watchdog: (pid=236)
[2025-09-10 19:10:46] ❌ Error en watchdog: (pid=236)
[2025-09-10 19:10:56] ❌ Error en watchdog: (pid=236)
[2025-09-10 19:11:06] ❌ Error en watchdog: (pid=236)
[2025-09-10 19:11:16] ❌ Error en watchdog: (pid=236)
[2025-09-10 19:11:26] ❌ Error en watchdog: (pid=236)
[2025-09-10 19:11:36] ❌ Error en watchdog: (pid=236)
[2025-09-10 19:11:46] ❌ Error en watchdog: (pid=236)
[2025-09-10 19:11:56] ❌ Error en watchdog: (pid=236)
[2025-09-10 19:12:06] ❌ Error en watchdog: (pid=236)
[2025-09-10 19:12:16] ❌ Error en watchdog: (pid=236)
[2025-09-10 19:12:26] ❌ Error en watchdog: (pid=236)
[2025-09-10 19:12:36] ❌ Error en watchdog: (pid=236)
[2025-09-10 19:12:46] ❌ Error en watchdog: (pid=236)
[2025-09-10 19:12:56] ❌ Error en watchdog: (pid=236)
[2025-09-10 19:13:06] ❌ Error en watchdog: (pid=236)
[2025-09-10 19:13:16] ❌ Error en watchdog: (pid=236)
[2025-09-10 19:13:26] ❌ Error en watchdog: (pid=236)
[2025-09-10 19:13:36] ❌ Error en watchdog: (pid=236)
[2025-09-10 19:13:47] ❌ Error en watchdog: (pid=236)
[2025-09-10 19:13:57] ❌ Error en watchdog: (pid=236)
[2025-09-10 19:14:07] ❌ Error en watchdog: (pid=236)
[2025-09-10 19:14:17] ❌ Error en watchdog: (pid=236)
[2025-09-10 19:14:27] ❌ Error en watchdog: (pid=236)
[2025-09-10 19:14:37] ❌ Error en watchdog: (pid=236)
[2025-09-10 19:14:47] ❌ Error en watchdog: (pid=236)
[2025-09-10 19:14:57] ❌ Error en watchdog: (pid=236)
[2025-09-10 19:15:07] ❌ Error en watchdog: (pid=236)
[2025-09-10 19:15:17] ❌ Error en watchdog: (pid=236)
[2025-09-10 19:15:27] ❌ Error en watchdog: (pid=236)
[2025-09-10 19:15:37] ❌ Error en watchdog: (pid=236)
[2025-09-10 19:15:47] ❌ Error en watchdog: (pid=236)
[2025-09-10 19:15:57] ❌ Error en watchdog: (pid=236)
[2025-09-10 19:16:07] ❌ Error en watchdog: (pid=236)
[2025-09-10 19:16:17] ❌ Error en watchdog: (pid=236)
[2025-09-10 19:16:27] ❌ Error en watchdog: (pid=236)
[2025-09-10 19:16:37] ❌ Error en watchdog: (pid=236)
[2025-09-10 19:16:47] ❌ Error en watchdog: (pid=236)
[2025-09-10 19:16:57] ❌ Error en watchdog: (pid=236)
[2025-09-10 19:17:07] ❌ Error en watchdog: (pid=236)
[2025-09-10 19:17:17] ❌ Error en watchdog: (pid=236)
[2025-09-10 19:17:27] ❌ Error en watchdog: (pid=236)
[2025-09-10 19:17:37] ❌ Error en watchdog: (pid=236)
[2025-09-10 19:17:47] ❌ Error en watchdog: (pid=236)
[2025-09-10 19:17:57] ❌ Error en watchdog: (pid=236)
[2025-09-10 19:18:07] ❌ Error en watchdog: (pid=236)
[2025-09-10 19:18:17] ❌ Error en watchdog: (pid=236)
[2025-09-10 19:18:27] ❌ Error en watchdog: (pid=236)
[2025-09-10 19:18:37] ❌ Error en watchdog: (pid=236)
[2025-09-10 19:18:47] ❌ Error en watchdog: (pid=236)
[2025-09-10 19:18:57] ❌ Error en watchdog: (pid=236)
[2025-09-10 19:19:07] ❌ Error en watchdog: (pid=236)
[2025-09-10 19:19:17] ❌ Error en watchdog: (pid=236)
[2025-09-10 19:19:27] ❌ Error en watchdog: (pid=236)
[2025-09-10 19:19:37] ❌ Error en watchdog: (pid=236)
[2025-09-10 19:19:47] ❌ Error en watchdog: (pid=236)
[2025-09-10 19:19:57] ❌ Error en watchdog: (pid=236)
[2025-09-10 19:20:07] ❌ Error en watchdog: (pid=236)
[2025-09-10 19:20:17] ❌ Error en watchdog: (pid=236)
[2025-09-10 19:20:27] ❌ Error en watchdog: (pid=236)
[2025-09-10 19:20:37] ❌ Error en watchdog: (pid=236)
[2025-09-10 19:20:47] ❌ Error en watchdog: (pid=236)
[2025-09-10 19:20:57] ❌ Error en watchdog: (pid=236)
[2025-09-10 19:21:07] ❌ Error en watchdog: (pid=236)
[2025-09-10 19:21:17] ❌ Error en watchdog: (pid=236)
[2025-09-10 19:21:27] ❌ Error en watchdog: (pid=236)
[2025-09-10 19:21:37] ❌ Error en watchdog: (pid=236)
[2025-09-10 19:21:47] ❌ Error en watchdog: (pid=236)
[2025-09-10 19:21:57] ❌ Error en watchdog: (pid=236)
[2025-09-10 19:22:07] ❌ Error en watchdog: (pid=236)
[2025-09-10 19:22:17] ❌ Error en watchdog: (pid=236)
[2025-09-10 19:22:27] ❌ Error en watchdog: (pid=236)
[2025-09-10 19:22:37] ❌ Error en watchdog: (pid=236)
[2025-09-10 19:22:47] ❌ Error en watchdog: (pid=236)
[2025-09-10 19:22:57] ❌ Error en watchdog: (pid=236)
[2025-09-10 19:23:07] ❌ Error en watchdog: (pid=236)
[2025-09-10 19:23:17] ❌ Error en watchdog: (pid=236)
[2025-09-10 19:23:27] ❌ Error en watchdog: (pid=236)
[2025-09-10 19:23:37] ❌ Error en watchdog: (pid=236)
[2025-09-10 19:23:47] ❌ Error en watchdog: (pid=236)
[2025-09-10 19:23:57] ❌ Error en watchdog: (pid=236)
[2025-09-10 19:24:07] ❌ Error en watchdog: (pid=236)
[2025-09-10 19:24:17] ❌ Error en watchdog: (pid=236)
[2025-09-10 19:24:27] ❌ Error en watchdog: (pid=236)
[2025-09-10 19:24:37] ❌ Error en watchdog: (pid=236)
[2025-09-10 19:24:47] ❌ Error en watchdog: (pid=236)
[2025-09-10 19:24:57] ❌ Error en watchdog: (pid=236)
[2025-09-10 19:25:07] ❌ Error en watchdog: (pid=236)
[2025-09-10 19:25:17] ❌ Error en watchdog: (pid=236)
[2025-09-10 19:25:27] ❌ Error en watchdog: (pid=236)
[2025-09-10 19:25:37] ❌ Error en watchdog: (pid=236)
[2025-09-10 19:25:47] ❌ Error en watchdog: (pid=236)
[2025-09-10 19:25:57] ❌ Error en watchdog: (pid=236)
[2025-09-10 19:26:07] ❌ Error en watchdog: (pid=236)
[2025-09-10 19:26:17] ❌ Error en watchdog: (pid=236)
[2025-09-10 19:26:27] ❌ Error en watchdog: (pid=236)
[2025-09-10 19:26:37] ❌ Error en watchdog: (pid=236)
[2025-09-10 19:26:47] ❌ Error en watchdog: (pid=236)
[2025-09-10 19:26:57] ❌ Error en watchdog: (pid=236)
[2025-09-10 19:27:07] ❌ Error en watchdog: (pid=236)
[2025-09-10 19:27:17] ❌ Error en watchdog: (pid=236)
[2025-09-10 19:27:27] ❌ Error en watchdog: (pid=236)
[2025-09-10 19:27:37] ❌ Error en watchdog: (pid=236)
[2025-09-10 19:27:47] ❌ Error en watchdog: (pid=236)
[2025-09-10 19:27:57] ❌ Error en watchdog: (pid=236)
[2025-09-10 19:28:07] ❌ Error en watchdog: (pid=236)
[2025-09-10 19:28:17] ❌ Error en watchdog: (pid=236)
[2025-09-10 19:28:27] ❌ Error en watchdog: (pid=236)
[2025-09-10 19:28:37] ❌ Error en watchdog: (pid=236)
[2025-09-10 19:28:47] ❌ Error en watchdog: (pid=236)
[2025-09-10 19:28:57] ❌ Error en watchdog: (pid=236)
[2025-09-10 19:29:07] ❌ Error en watchdog: (pid=236)
[2025-09-10 19:29:17] ❌ Error en watchdog: (pid=236)
[2025-09-10 19:29:27] ❌ Error en watchdog: (pid=236)
[2025-09-10 19:29:37] ❌ Error en watchdog: (pid=236)
[2025-09-10 19:29:47] ❌ Error en watchdog: (pid=236)
[2025-09-10 19:29:57] ❌ Error en watchdog: (pid=236)
[2025-09-10 19:30:07] ❌ Error en watchdog: (pid=236)
[2025-09-10 19:30:17] ❌ Error en watchdog: (pid=236)
[2025-09-10 19:30:27] ❌ Error en watchdog: (pid=236)
[2025-09-10 19:30:37] ❌ Error en watchdog: (pid=236)
[2025-09-10 19:30:47] ❌ Error en watchdog: (pid=236)
[2025-09-10 19:30:57] ❌ Error en watchdog: (pid=236)
[2025-09-10 19:31:07] ❌ Error en watchdog: (pid=236)
[2025-09-10 19:31:17] ❌ Error en watchdog: (pid=236)
[2025-09-10 19:31:27] ❌ Error en watchdog: (pid=236)
[2025-09-10 19:31:37] ❌ Error en watchdog: (pid=236)
[2025-09-10 19:31:47] ❌ Error en watchdog: (pid=236)
[2025-09-10 19:31:57] ❌ Error en watchdog: (pid=236)
[2025-09-10 19:32:07] ❌ Error en watchdog: (pid=236)
[2025-09-10 19:32:17] ❌ Error en watchdog: (pid=236)
[2025-09-10 19:32:27] ❌ Error en watchdog: (pid=236)
[2025-09-10 19:32:37] ❌ Error en watchdog: (pid=236)
[2025-09-10 19:32:47] ❌ Error en watchdog: (pid=236)
[2025-09-10 19:32:57] ❌ Error en watchdog: (pid=236)
[2025-09-10 19:33:07] ❌ Error en watchdog: (pid=236)
[2025-09-10 19:33:17] ❌ Error en watchdog: (pid=236)
[2025-09-10 19:33:27] ❌ Error en watchdog: (pid=236)
[2025-09-10 19:33:37] ❌ Error en watchdog: (pid=236)
[2025-09-10 19:33:47] ❌ Error en watchdog: (pid=236)
[2025-09-10 19:33:57] ❌ Error en watchdog: (pid=236)
[2025-09-10 19:34:07] ❌ Error en watchdog: (pid=236)
[2025-09-10 19:34:17] ❌ Error en watchdog: (pid=236)
[2025-09-10 19:34:27] ❌ Error en watchdog: (pid=236)
[2025-09-10 19:34:37] ❌ Error en watchdog: (pid=236)
[2025-09-10 19:34:47] ❌ Error en watchdog: (pid=236)
[2025-09-10 19:34:57] ❌ Error en watchdog: (pid=236)
[2025-09-10 19:35:07] ❌ Error en watchdog: (pid=236)
[2025-09-10 19:35:17] ❌ Error en watchdog: (pid=236)
[2025-09-10 19:35:27] ❌ Error en watchdog: (pid=236)
[2025-09-10 19:35:37] ❌ Error en watchdog: (pid=236)
