npm error code E404
npm error 404 Not Found - GET https://registry.npmjs.org/@modelcontextprotocol%2fserver-pylance - Not found
npm error 404
npm error 404  The requested resource '@modelcontextprotocol/server-pylance@latest' could not be found or you do not have permission to access it.
npm error 404
npm error 404 Note that you can also install from a
npm error 404 tarball, folder, http url, or git url.
npm error A complete log of this run can be found in: C:\Users\DELL\AppData\Local\npm-cache\_logs\2025-09-19T11_54_27_512Z-debug-0.log
npm error code E404
npm error 404 Not Found - GET https://registry.npmjs.org/@modelcontextprotocol%2fserver-pylance - Not found
npm error 404
npm error 404  '@modelcontextprotocol/server-pylance@latest' is not in this registry.
npm error 404
npm error 404 Note that you can also install from a
npm error 404 tarball, folder, http url, or git url.
npm error A complete log of this run can be found in: C:\Users\DELL\AppData\Local\npm-cache\_logs\2025-09-19T13_22_26_757Z-debug-0.log
npm error code E404
npm error 404 Not Found - GET https://registry.npmjs.org/@modelcontextprotocol%2fserver-pylance - Not found
npm error 404
npm error 404  '@modelcontextprotocol/server-pylance@latest' is not in this registry.
npm error 404
npm error 404 Note that you can also install from a
npm error 404 tarball, folder, http url, or git url.
npm error A complete log of this run can be found in: C:\Users\DELL\AppData\Local\npm-cache\_logs\2025-09-19T13_23_02_414Z-debug-0.log
